11:56:22 **** Incremental Build of configuration Debug for project cv12 ****
make -j4 all 
arm-none-eabi-gcc "../Core/Src/telnet.c" -mcpu=cortex-m4 -std=gnu11 -g3 -DDEBUG -DUSE_HAL_DRIVER -DSTM32F429xx -c -I../Core/Inc -I../LWIP/App -I../LWIP/Target -I../Middlewares/Third_Party/LwIP/src/include -I../Middlewares/Third_Party/LwIP/system -I../Drivers/STM32F4xx_HAL_Driver/Inc -I../Drivers/STM32F4xx_HAL_Driver/Inc/Legacy -I../Middlewares/Third_Party/FreeRTOS/Source/include -I../Middlewares/Third_Party/FreeRTOS/Source/CMSIS_RTOS -I../Middlewares/Third_Party/FreeRTOS/Source/portable/GCC/ARM_CM4F -I../Drivers/BSP/Components/lan8742 -I../Middlewares/Third_Party/LwIP/src/include/netif/ppp -I../Drivers/CMSIS/Device/ST/STM32F4xx/Include -I../Middlewares/Third_Party/LwIP/src/include/lwip -I../Middlewares/Third_Party/LwIP/src/include/lwip/apps -I../Middlewares/Third_Party/LwIP/src/include/lwip/priv -I../Middlewares/Third_Party/LwIP/src/include/lwip/prot -I../Middlewares/Third_Party/LwIP/src/include/netif -I../Middlewares/Third_Party/LwIP/src/include/compat/posix -I../Middlewares/Third_Party/LwIP/src/include/compat/posix/arpa -I../Middlewares/Third_Party/LwIP/src/include/compat/posix/net -I../Middlewares/Third_Party/LwIP/src/include/compat/posix/sys -I../Middlewares/Third_Party/LwIP/src/include/compat/stdc -I../Middlewares/Third_Party/LwIP/system/arch -I../Drivers/CMSIS/Include -I../Middlewares/Third_Party/LwIP/src/apps/http -O0 -ffunction-sections -fdata-sections -Wall -fstack-usage -fcyclomatic-complexity -MMD -MP -MF"Core/Src/telnet.d" -MT"Core/Src/telnet.o" --specs=nano.specs -mfpu=fpv4-sp-d16 -mfloat-abi=hard -mthumb -o "Core/Src/telnet.o"
In file included from ../Core/Src/telnet.c:42:
../Core/Src/telnet.c: In function 'telnet_process_command':
../Core/Src/telnet.c:94:66: warning: passing argument 3 of 'netconn_write_partly' makes integer from pointer without a cast [-Wint-conversion]
   94 |                                         netconn_write(conn, text,"Komunikace OK\r\n", NETCONN_COPY);
      |                                                                  ^~~~~~~~~~~~~~~~~~~
      |                                                                  |
      |                                                                  char *
../Middlewares/Third_Party/LwIP/src/include/lwip/api.h:349:47: note: in definition of macro 'netconn_write'
  349 |           netconn_write_partly(conn, dataptr, size, apiflags, NULL)
      |                                               ^~~~
../Middlewares/Third_Party/LwIP/src/include/lwip/api.h:343:80: note: expected 'size_t' {aka 'unsigned int'} but argument is of type 'char *'
  343 | err_t   netconn_write_partly(struct netconn *conn, const void *dataptr, size_t size,
      |                                                                         ~~~~~~~^~~~
arm-none-eabi-gcc -o "cv12.elf" @"objects.list"   -mcpu=cortex-m4 -T"C:\Temp\MKS\cv12\cv12\STM32F429ZITX_FLASH.ld" --specs=nosys.specs -Wl,-Map="cv12.map" -Wl,--gc-sections -static --specs=nano.specs -mfpu=fpv4-sp-d16 -mfloat-abi=hard -mthumb -Wl,--start-group -lc -lm -Wl,--end-group
Finished building target: cv12.elf
 
arm-none-eabi-size   cv12.elf 
arm-none-eabi-objdump -h -S  cv12.elf  > "cv12.list"
   text	   data	    bss	    dec	    hex	filename
 166428	    152	  73488	 240068	  3a9c4	cv12.elf
Finished building: default.size.stdout
 
Finished building: cv12.list
 

11:56:25 Build Finished. 0 errors, 1 warnings. (took 2s.703ms)

