Archive member included to satisfy reference by file (symbol)

C:/appz/ST/STM32CubeIDE_1.10.1/STM32CubeIDE/plugins/com.st.stm32cube.ide.mcu.externaltools.gnu-tools-for-stm32.11.3.rel1.win32_1.1.0.202305231506/tools/bin/../lib/gcc/arm-none-eabi/11.3.1/../../../../arm-none-eabi/lib/thumb/v7e-m+fp/hard\libc_nano.a(libc_a-exit.o)
                              C:/appz/ST/STM32CubeIDE_1.10.1/STM32CubeIDE/plugins/com.st.stm32cube.ide.mcu.externaltools.gnu-tools-for-stm32.11.3.rel1.win32_1.1.0.202305231506/tools/bin/../lib/gcc/arm-none-eabi/11.3.1/../../../../arm-none-eabi/lib/thumb/v7e-m+fp/hard/crt0.o (exit)
C:/appz/ST/STM32CubeIDE_1.10.1/STM32CubeIDE/plugins/com.st.stm32cube.ide.mcu.externaltools.gnu-tools-for-stm32.11.3.rel1.win32_1.1.0.202305231506/tools/bin/../lib/gcc/arm-none-eabi/11.3.1/../../../../arm-none-eabi/lib/thumb/v7e-m+fp/hard\libc_nano.a(libc_a-findfp.o)
                              C:/appz/ST/STM32CubeIDE_1.10.1/STM32CubeIDE/plugins/com.st.stm32cube.ide.mcu.externaltools.gnu-tools-for-stm32.11.3.rel1.win32_1.1.0.202305231506/tools/bin/../lib/gcc/arm-none-eabi/11.3.1/../../../../arm-none-eabi/lib/thumb/v7e-m+fp/hard\libc_nano.a(libc_a-exit.o) (__stdio_exit_handler)
C:/appz/ST/STM32CubeIDE_1.10.1/STM32CubeIDE/plugins/com.st.stm32cube.ide.mcu.externaltools.gnu-tools-for-stm32.11.3.rel1.win32_1.1.0.202305231506/tools/bin/../lib/gcc/arm-none-eabi/11.3.1/../../../../arm-none-eabi/lib/thumb/v7e-m+fp/hard\libc_nano.a(libc_a-fwalk.o)
                              C:/appz/ST/STM32CubeIDE_1.10.1/STM32CubeIDE/plugins/com.st.stm32cube.ide.mcu.externaltools.gnu-tools-for-stm32.11.3.rel1.win32_1.1.0.202305231506/tools/bin/../lib/gcc/arm-none-eabi/11.3.1/../../../../arm-none-eabi/lib/thumb/v7e-m+fp/hard\libc_nano.a(libc_a-findfp.o) (_fwalk_sglue)
C:/appz/ST/STM32CubeIDE_1.10.1/STM32CubeIDE/plugins/com.st.stm32cube.ide.mcu.externaltools.gnu-tools-for-stm32.11.3.rel1.win32_1.1.0.202305231506/tools/bin/../lib/gcc/arm-none-eabi/11.3.1/../../../../arm-none-eabi/lib/thumb/v7e-m+fp/hard\libc_nano.a(libc_a-stdio.o)
                              C:/appz/ST/STM32CubeIDE_1.10.1/STM32CubeIDE/plugins/com.st.stm32cube.ide.mcu.externaltools.gnu-tools-for-stm32.11.3.rel1.win32_1.1.0.202305231506/tools/bin/../lib/gcc/arm-none-eabi/11.3.1/../../../../arm-none-eabi/lib/thumb/v7e-m+fp/hard\libc_nano.a(libc_a-findfp.o) (__sread)
C:/appz/ST/STM32CubeIDE_1.10.1/STM32CubeIDE/plugins/com.st.stm32cube.ide.mcu.externaltools.gnu-tools-for-stm32.11.3.rel1.win32_1.1.0.202305231506/tools/bin/../lib/gcc/arm-none-eabi/11.3.1/../../../../arm-none-eabi/lib/thumb/v7e-m+fp/hard\libc_nano.a(libc_a-memset.o)
                              C:/appz/ST/STM32CubeIDE_1.10.1/STM32CubeIDE/plugins/com.st.stm32cube.ide.mcu.externaltools.gnu-tools-for-stm32.11.3.rel1.win32_1.1.0.202305231506/tools/bin/../lib/gcc/arm-none-eabi/11.3.1/../../../../arm-none-eabi/lib/thumb/v7e-m+fp/hard/crt0.o (memset)
C:/appz/ST/STM32CubeIDE_1.10.1/STM32CubeIDE/plugins/com.st.stm32cube.ide.mcu.externaltools.gnu-tools-for-stm32.11.3.rel1.win32_1.1.0.202305231506/tools/bin/../lib/gcc/arm-none-eabi/11.3.1/../../../../arm-none-eabi/lib/thumb/v7e-m+fp/hard\libc_nano.a(libc_a-closer.o)
                              C:/appz/ST/STM32CubeIDE_1.10.1/STM32CubeIDE/plugins/com.st.stm32cube.ide.mcu.externaltools.gnu-tools-for-stm32.11.3.rel1.win32_1.1.0.202305231506/tools/bin/../lib/gcc/arm-none-eabi/11.3.1/../../../../arm-none-eabi/lib/thumb/v7e-m+fp/hard\libc_nano.a(libc_a-stdio.o) (_close_r)
C:/appz/ST/STM32CubeIDE_1.10.1/STM32CubeIDE/plugins/com.st.stm32cube.ide.mcu.externaltools.gnu-tools-for-stm32.11.3.rel1.win32_1.1.0.202305231506/tools/bin/../lib/gcc/arm-none-eabi/11.3.1/../../../../arm-none-eabi/lib/thumb/v7e-m+fp/hard\libc_nano.a(libc_a-reent.o)
                              C:/appz/ST/STM32CubeIDE_1.10.1/STM32CubeIDE/plugins/com.st.stm32cube.ide.mcu.externaltools.gnu-tools-for-stm32.11.3.rel1.win32_1.1.0.202305231506/tools/bin/../lib/gcc/arm-none-eabi/11.3.1/../../../../arm-none-eabi/lib/thumb/v7e-m+fp/hard\libc_nano.a(libc_a-closer.o) (errno)
C:/appz/ST/STM32CubeIDE_1.10.1/STM32CubeIDE/plugins/com.st.stm32cube.ide.mcu.externaltools.gnu-tools-for-stm32.11.3.rel1.win32_1.1.0.202305231506/tools/bin/../lib/gcc/arm-none-eabi/11.3.1/../../../../arm-none-eabi/lib/thumb/v7e-m+fp/hard\libc_nano.a(libc_a-impure.o)
                              C:/appz/ST/STM32CubeIDE_1.10.1/STM32CubeIDE/plugins/com.st.stm32cube.ide.mcu.externaltools.gnu-tools-for-stm32.11.3.rel1.win32_1.1.0.202305231506/tools/bin/../lib/gcc/arm-none-eabi/11.3.1/../../../../arm-none-eabi/lib/thumb/v7e-m+fp/hard\libc_nano.a(libc_a-reent.o) (_impure_ptr)
C:/appz/ST/STM32CubeIDE_1.10.1/STM32CubeIDE/plugins/com.st.stm32cube.ide.mcu.externaltools.gnu-tools-for-stm32.11.3.rel1.win32_1.1.0.202305231506/tools/bin/../lib/gcc/arm-none-eabi/11.3.1/../../../../arm-none-eabi/lib/thumb/v7e-m+fp/hard\libc_nano.a(libc_a-lseekr.o)
[...]
Memory Configuration

Name             Origin             Length             Attributes
CCMRAM           0x0000000010000000 0x0000000000010000 xrw
RAM              0x0000000020000000 0x0000000000030000 xrw
FLASH            0x0000000008000000 0x0000000000200000 xr
*default*        0x0000000000000000 0xffffffffffffffff

Linker script and memory map

LOAD C:/appz/ST/STM32CubeIDE_1.10.1/STM32CubeIDE/plugins/com.st.stm32cube.ide.mcu.externaltools.gnu-tools-for-stm32.11.3.rel1.win32_1.1.0.202305231506/tools/bin/../lib/gcc/arm-none-eabi/11.3.1/thumb/v7e-m+fp/hard/crti.o
LOAD C:/appz/ST/STM32CubeIDE_1.10.1/STM32CubeIDE/plugins/com.st.stm32cube.ide.mcu.externaltools.gnu-tools-for-stm32.11.3.rel1.win32_1.1.0.202305231506/tools/bin/../lib/gcc/arm-none-eabi/11.3.1/thumb/v7e-m+fp/hard/crtbegin.o
LOAD C:/appz/ST/STM32CubeIDE_1.10.1/STM32CubeIDE/plugins/com.st.stm32cube.ide.mcu.externaltools.gnu-tools-for-stm32.11.3.rel1.win32_1.1.0.202305231506/tools/bin/../lib/gcc/arm-none-eabi/11.3.1/../../../../arm-none-eabi/lib/thumb/v7e-m+fp/hard/crt0.o
LOAD ./Core/Inc/stm32f4xx_hal_msp.o
LOAD ./Core/Src/main.o
LOAD ./Core/Src/stm32f4xx_it.o
LOAD ./Core/Src/syscalls.o
LOAD ./Core/Src/sysmem.o
LOAD ./Core/Src/system_stm32f4xx.o
LOAD ./Core/Startup/startup_stm32f429zitx.o
LOAD ./Drivers/STM32F4xx_HAL_Driver/Src/stm32f4xx_hal.o
LOAD ./Drivers/STM32F4xx_HAL_Driver/Src/stm32f4xx_hal_cortex.o
LOAD ./Drivers/STM32F4xx_HAL_Driver/Src/stm32f4xx_hal_dma.o
LOAD ./Drivers/STM32F4xx_HAL_Driver/Src/stm32f4xx_hal_dma_ex.o
LOAD ./Drivers/STM32F4xx_HAL_Driver/Src/stm32f4xx_hal_eth.o
LOAD ./Drivers/STM32F4xx_HAL_Driver/Src/stm32f4xx_hal_exti.o
LOAD ./Drivers/STM32F4xx_HAL_Driver/Src/stm32f4xx_hal_flash.o
LOAD ./Drivers/STM32F4xx_HAL_Driver/Src/stm32f4xx_hal_flash_ex.o
LOAD ./Drivers/STM32F4xx_HAL_Driver/Src/stm32f4xx_hal_flash_ramfunc.o
LOAD ./Drivers/STM32F4xx_HAL_Driver/Src/stm32f4xx_hal_gpio.o
LOAD ./Drivers/STM32F4xx_HAL_Driver/Src/stm32f4xx_hal_pcd.o
LOAD ./Drivers/STM32F4xx_HAL_Driver/Src/stm32f4xx_hal_pcd_ex.o
LOAD ./Drivers/STM32F4xx_HAL_Driver/Src/stm32f4xx_hal_pwr.o
LOAD ./Drivers/STM32F4xx_HAL_Driver/Src/stm32f4xx_hal_pwr_ex.o
LOAD ./Drivers/STM32F4xx_HAL_Driver/Src/stm32f4xx_hal_rcc.o
LOAD ./Drivers/STM32F4xx_HAL_Driver/Src/stm32f4xx_hal_rcc_ex.o
LOAD ./Drivers/STM32F4xx_HAL_Driver/Src/stm32f4xx_hal_tim.o
LOAD ./Drivers/STM32F4xx_HAL_Driver/Src/stm32f4xx_hal_tim_ex.o
LOAD ./Drivers/STM32F4xx_HAL_Driver/Src/stm32f4xx_hal_uart.o
LOAD ./Drivers/STM32F4xx_HAL_Driver/Src/stm32f4xx_ll_usb.o
LOAD ./Middlewares/ST/STM32_USB_Device_Library/Class/HID/Src/usbd_hid.o
LOAD ./Middlewares/ST/STM32_USB_Device_Library/Core/Src/usbd_core.o
LOAD ./Middlewares/ST/STM32_USB_Device_Library/Core/Src/usbd_ctlreq.o
LOAD ./Middlewares/ST/STM32_USB_Device_Library/Core/Src/usbd_ioreq.o
LOAD ./USB_DEVICE/App/usb_device.o
LOAD ./USB_DEVICE/App/usbd_desc.o
LOAD ./USB_DEVICE/Target/usbd_conf.o
START GROUP
LOAD C:/appz/ST/STM32CubeIDE_1.10.1/STM32CubeIDE/plugins/com.st.stm32cube.ide.mcu.externaltools.gnu-tools-for-stm32.11.3.rel1.win32_1.1.0.202305231506/tools/bin/../lib/gcc/arm-none-eabi/11.3.1/../../../../arm-none-eabi/lib/thumb/v7e-m+fp/hard\libc_nano.a
LOAD C:/appz/ST/STM32CubeIDE_1.10.1/STM32CubeIDE/plugins/com.st.stm32cube.ide.mcu.externaltools.gnu-tools-for-stm32.11.3.rel1.win32_1.1.0.202305231506/tools/bin/../lib/gcc/arm-none-eabi/11.3.1/../../../../arm-none-eabi/lib/thumb/v7e-m+fp/hard\libm.a
END GROUP
START GROUP
LOAD C:/appz/ST/STM32CubeIDE_1.10.1/STM32CubeIDE/plugins/com.st.stm32cube.ide.mcu.externaltools.gnu-tools-for-stm32.11.3.rel1.win32_1.1.0.202305231506/tools/bin/../lib/gcc/arm-none-eabi/11.3.1/thumb/v7e-m+fp/hard\libgcc.a
LOAD C:/appz/ST/STM32CubeIDE_1.10.1/STM32CubeIDE/plugins/com.st.stm32cube.ide.mcu.externaltools.gnu-tools-for-stm32.11.3.rel1.win32_1.1.0.202305231506/tools/bin/../lib/gcc/arm-none-eabi/11.3.1/../../../../arm-none-eabi/lib/thumb/v7e-m+fp/hard\libc_nano.a
END GROUP
START GROUP
LOAD C:/appz/ST/STM32CubeIDE_1.10.1/STM32CubeIDE/plugins/com.st.stm32cube.ide.mcu.externaltools.gnu-tools-for-stm32.11.3.rel1.win32_1.1.0.202305231506/tools/bin/../lib/gcc/arm-none-eabi/11.3.1/thumb/v7e-m+fp/hard\libgcc.a
LOAD C:/appz/ST/STM32CubeIDE_1.10.1/STM32CubeIDE/plugins/com.st.stm32cube.ide.mcu.externaltools.gnu-tools-for-stm32.11.3.rel1.win32_1.1.0.202305231506/tools/bin/../lib/gcc/arm-none-eabi/11.3.1/../../../../arm-none-eabi/lib/thumb/v7e-m+fp/hard\libc_nano.a
LOAD C:/appz/ST/STM32CubeIDE_1.10.1/STM32CubeIDE/plugins/com.st.stm32cube.ide.mcu.externaltools.gnu-tools-for-stm32.11.3.rel1.win32_1.1.0.202305231506/tools/bin/../lib/gcc/arm-none-eabi/11.3.1/../../../../arm-none-eabi/lib/thumb/v7e-m+fp/hard\libnosys.a
END GROUP
START GROUP
LOAD C:/appz/ST/STM32CubeIDE_1.10.1/STM32CubeIDE/plugins/com.st.stm32cube.ide.mcu.externaltools.gnu-tools-for-stm32.11.3.rel1.win32_1.1.0.202305231506/tools/bin/../lib/gcc/arm-none-eabi/11.3.1/thumb/v7e-m+fp/hard\libgcc.a
LOAD C:/appz/ST/STM32CubeIDE_1.10.1/STM32CubeIDE/plugins/com.st.stm32cube.ide.mcu.externaltools.gnu-tools-for-stm32.11.3.rel1.win32_1.1.0.202305231506/tools/bin/../lib/gcc/arm-none-eabi/11.3.1/../../../../arm-none-eabi/lib/thumb/v7e-m+fp/hard\libc_nano.a
LOAD C:/appz/ST/STM32CubeIDE_1.10.1/STM32CubeIDE/plugins/com.st.stm32cube.ide.mcu.externaltools.gnu-tools-for-stm32.11.3.rel1.win32_1.1.0.202305231506/tools/bin/../lib/gcc/arm-none-eabi/11.3.1/../../../../arm-none-eabi/lib/thumb/v7e-m+fp/hard\libnosys.a
END GROUP
LOAD C:/appz/ST/STM32CubeIDE_1.10.1/STM32CubeIDE/plugins/com.st.stm32cube.ide.mcu.externaltools.gnu-tools-for-stm32.11.3.rel1.win32_1.1.0.202305231506/tools/bin/../lib/gcc/arm-none-eabi/11.3.1/thumb/v7e-m+fp/hard/crtend.o
LOAD C:/appz/ST/STM32CubeIDE_1.10.1/STM32CubeIDE/plugins/com.st.stm32cube.ide.mcu.externaltools.gnu-tools-for-stm32.11.3.rel1.win32_1.1.0.202305231506/tools/bin/../lib/gcc/arm-none-eabi/11.3.1/thumb/v7e-m+fp/hard/crtn.o
                0x0000000020030000                _estack = (ORIGIN (RAM) + LENGTH (RAM))
                0x0000000000000200                _Min_Heap_Size = 0x200
                0x0000000000000400                _Min_Stack_Size = 0x400

.isr_vector     0x0000000008000000      0x1ac
                0x0000000008000000                . = ALIGN (0x4)
 *(.isr_vector)
 .isr_vector    0x0000000008000000      0x1ac ./Core/Startup/startup_stm32f429zitx.o
                0x0000000008000000                g_pfnVectors
                0x00000000080001ac                . = ALIGN (0x4)

.text           0x00000000080001b0     0x8558
                0x00000000080001b0                . = ALIGN (0x4)
 *(.text)
 .text          0x00000000080001b0       0x40 C:/appz/ST/STM32CubeIDE_1.10.1/STM32CubeIDE/plugins/com.st.stm32cube.ide.mcu.externaltools.gnu-tools-for-stm32.11.3.rel1.win32_1.1.0.202305231506/tools/bin/../lib/gcc/arm-none-eabi/11.3.1/thumb/v7e-m+fp/hard/crtbegin.o
 .text          0x00000000080001f0      0x378 C:/appz/ST/STM32CubeIDE_1.10.1/STM32CubeIDE/plugins/com.st.stm32cube.ide.mcu.externaltools.gnu-tools-for-stm32.11.3.rel1.win32_1.1.0.202305231506/tools/bin/../lib/gcc/arm-none-eabi/11.3.1/thumb/v7e-m+fp/hard\libgcc.a(_arm_addsubdf3.o)
                0x00000000080001f0                __aeabi_drsub
                0x00000000080001f8                __aeabi_dsub
                0x00000000080001f8                __subdf3
                0x00000000080001fc                __aeabi_dadd
                0x00000000080001fc                __adddf3
                0x0000000008000474                __floatunsidf
                0x0000000008000474                __aeabi_ui2d
                0x0000000008000494                __floatsidf
                0x0000000008000494                __aeabi_i2d
                0x00000000080004b8                __aeabi_f2d
                0x00000000080004b8                __extendsfdf2
                0x00000000080004fc                __floatundidf
                0x00000000080004fc                __aeabi_ul2d
                0x000000000800050c                __floatdidf
                0x000000000800050c                __aeabi_l2d
 .text          0x0000000008000568      0x424 C:/appz/ST/STM32CubeIDE_1.10.1/STM32CubeIDE/plugins/com.st.stm32cube.ide.mcu.externaltools.gnu-tools-for-stm32.11.3.rel1.win32_1.1.0.202305231506/tools/bin/../lib/gcc/arm-none-eabi/11.3.1/thumb/v7e-m+fp/hard\libgcc.a(_arm_muldivdf3.o)
                0x0000000008000568                __aeabi_dmul
                0x0000000008000568                __muldf3
                0x00000000080007bc                __divdf3
                0x00000000080007bc                __aeabi_ddiv
 .text          0x000000000800098c      0x110 C:/appz/ST/STM32CubeIDE_1.10.1/STM32CubeIDE/plugins/com.st.stm32cube.ide.mcu.externaltools.gnu-tools-for-stm32.11.3.rel1.win32_1.1.0.202305231506/tools/bin/../lib/gcc/arm-none-eabi/11.3.1/thumb/v7e-m+fp/hard\libgcc.a(_arm_cmpdf2.o)
                0x000000000800098c                __gtdf2
                0x000000000800098c                __gedf2
                0x0000000008000994                __ltdf2
                0x0000000008000994                __ledf2
                0x000000000800099c                __nedf2
                0x000000000800099c                __eqdf2
                0x000000000800099c                __cmpdf2
                0x0000000008000a18                __aeabi_cdrcmple
                0x0000000008000a28                __aeabi_cdcmpeq
                0x0000000008000a28                __aeabi_cdcmple
                0x0000000008000a38                __aeabi_dcmpeq
                0x0000000008000a4c                __aeabi_dcmplt
                0x0000000008000a60                __aeabi_dcmple
                0x0000000008000a74                __aeabi_dcmpge
                0x0000000008000a88                __aeabi_dcmpgt
 .text          0x0000000008000a9c       0xa0 C:/appz/ST/STM32CubeIDE_1.10.1/STM32CubeIDE/plugins/com.st.stm32cube.ide.mcu.externaltools.gnu-tools-for-stm32.11.3.rel1.win32_1.1.0.202305231506/tools/bin/../lib/gcc/arm-none-eabi/11.3.1/thumb/v7e-m+fp/hard\libgcc.a(_arm_truncdfsf2.o)
                0x0000000008000a9c                __truncdfsf2
                0x0000000008000a9c                __aeabi_d2f
 .text          0x0000000008000b3c       0x30 C:/appz/ST/STM32CubeIDE_1.10.1/STM32CubeIDE/plugins/com.st.stm32cube.ide.mcu.externaltools.gnu-tools-for-stm32.11.3.rel1.win32_1.1.0.202305231506/tools/bin/../lib/gcc/arm-none-eabi/11.3.1/thumb/v7e-m+fp/hard\libgcc.a(_aeabi_uldivmod.o)
                0x0000000008000b3c                __aeabi_uldivmod
 .text          0x0000000008000b6c      0x2c8 C:/appz/ST/STM32CubeIDE_1.10.1/STM32CubeIDE/plugins/com.st.stm32cube.ide.mcu.externaltools.gnu-tools-for-stm32.11.3.rel1.win32_1.1.0.202305231506/tools/bin/../lib/gcc/arm-none-eabi/11.3.1/thumb/v7e-m+fp/hard\libgcc.a(_udivmoddi4.o)
                0x0000000008000b6c                __udivmoddi4
 .text          0x0000000008000e34        0x4 C:/appz/ST/STM32CubeIDE_1.10.1/STM32CubeIDE/plugins/com.st.stm32cube.ide.mcu.externaltools.gnu-tools-for-stm32.11.3.rel1.win32_1.1.0.202305231506/tools/bin/../lib/gcc/arm-none-eabi/11.3.1/thumb/v7e-m+fp/hard\libgcc.a(_dvmd_tls.o)
                0x0000000008000e34                __aeabi_idiv0
                0x0000000008000e34                __aeabi_ldiv0
 *(.text*)
 .text.HAL_MspInit
                0x0000000008000e38       0x50 ./Core/Inc/stm32f4xx_hal_msp.o
                0x0000000008000e38                HAL_MspInit
 .text.HAL_UART_MspInit
                0x0000000008000e88       0x90 ./Core/Inc/stm32f4xx_hal_msp.o
                0x0000000008000e88                HAL_UART_MspInit
 .text.step     0x0000000008000f18       0x54 ./Core/Src/main.o
                0x0000000008000f18                step
 *fill*         0x0000000008000f6c        0x4 
 .text.circle   0x0000000008000f70      0x1d8 ./Core/Src/main.o
                0x0000000008000f70                circle
 .text.main     0x0000000008001148       0xac ./Core/Src/main.o
                0x0000000008001148                main
 .text.SystemClock_Config
                0x00000000080011f4       0xd4 ./Core/Src/main.o
                0x00000000080011f4                SystemClock_Config
 .text.MX_USART3_UART_Init
                0x00000000080012c8       0x54 ./Core/Src/main.o
 .text.MX_GPIO_Init
                0x000000000800131c      0x15c ./Core/Src/main.o
 .text.Error_Handler
                0x0000000008001478        0xa ./Core/Src/main.o
                0x0000000008001478                Error_Handler
 .text.NMI_Handler
                0x0000000008001482        0x6 ./Core/Src/stm32f4xx_it.o
                0x0000000008001482                NMI_Handler
 .text.HardFault_Handler
                0x0000000008001488        0x6 ./Core/Src/stm32f4xx_it.o
                0x0000000008001488                HardFault_Handler
 .text.MemManage_Handler
                0x000000000800148e        0x6 ./Core/Src/stm32f4xx_it.o
                0x000000000800148e                MemManage_Handler
 .text.BusFault_Handler
                0x0000000008001494        0x6 ./Core/Src/stm32f4xx_it.o
                0x0000000008001494                BusFault_Handler
 .text.UsageFault_Handler
                0x000000000800149a        0x6 ./Core/Src/stm32f4xx_it.o
                0x000000000800149a                UsageFault_Handler
 .text.SVC_Handler
                0x00000000080014a0        0xe ./Core/Src/stm32f4xx_it.o
                0x00000000080014a0                SVC_Handler
 .text.DebugMon_Handler
                0x00000000080014ae        0xe ./Core/Src/stm32f4xx_it.o
                0x00000000080014ae                DebugMon_Handler
 .text.PendSV_Handler
                0x00000000080014bc        0xe ./Core/Src/stm32f4xx_it.o
                0x00000000080014bc                PendSV_Handler
 .text.SysTick_Handler
                0x00000000080014ca        0xc ./Core/Src/stm32f4xx_it.o
                0x00000000080014ca                SysTick_Handler
 *fill*         0x00000000080014d6        0x2 
 .text.OTG_FS_IRQHandler
                0x00000000080014d8       0x14 ./Core/Src/stm32f4xx_it.o
                0x00000000080014d8                OTG_FS_IRQHandler
 .text.SystemInit
                0x00000000080014ec       0x24 ./Core/Src/system_stm32f4xx.o
                0x00000000080014ec                SystemInit
 .text.Reset_Handler
                0x0000000008001510       0x50 ./Core/Startup/startup_stm32f429zitx.o
                0x0000000008001510                Reset_Handler
 .text.Default_Handler
                0x0000000008001560        0x2 ./Core/Startup/startup_stm32f429zitx.o
                0x0000000008001560                RTC_Alarm_IRQHandler
                0x0000000008001560                HASH_RNG_IRQHandler
                0x0000000008001560                EXTI2_IRQHandler
                0x0000000008001560                TIM8_CC_IRQHandler
                0x0000000008001560                UART8_IRQHandler
                0x0000000008001560                SPI4_IRQHandler
                0x0000000008001560                TIM1_CC_IRQHandler
                0x0000000008001560                DMA2_Stream5_IRQHandler
                0x0000000008001560                DMA1_Stream5_IRQHandler
                0x0000000008001560                PVD_IRQHandler
                0x0000000008001560                SDIO_IRQHandler
                0x0000000008001560                TAMP_STAMP_IRQHandler
                0x0000000008001560                CAN2_RX1_IRQHandler
                0x0000000008001560                EXTI3_IRQHandler
                0x0000000008001560                TIM8_TRG_COM_TIM14_IRQHandler
                0x0000000008001560                TIM1_UP_TIM10_IRQHandler
                0x0000000008001560                TIM8_UP_TIM13_IRQHandler
                0x0000000008001560                I2C3_ER_IRQHandler
                0x0000000008001560                EXTI0_IRQHandler
                0x0000000008001560                I2C2_EV_IRQHandler
                0x0000000008001560                DMA1_Stream2_IRQHandler
                0x0000000008001560                CAN1_RX0_IRQHandler
                0x0000000008001560                FPU_IRQHandler
                0x0000000008001560                OTG_HS_WKUP_IRQHandler
                0x0000000008001560                LTDC_ER_IRQHandler
                0x0000000008001560                CAN2_SCE_IRQHandler
                0x0000000008001560                DMA2_Stream2_IRQHandler
                0x0000000008001560                SPI1_IRQHandler
                0x0000000008001560                TIM6_DAC_IRQHandler
                0x0000000008001560                TIM1_BRK_TIM9_IRQHandler
                0x0000000008001560                DCMI_IRQHandler
                0x0000000008001560                CAN2_RX0_IRQHandler
                0x0000000008001560                DMA2_Stream3_IRQHandler
                0x0000000008001560                USART6_IRQHandler
                0x0000000008001560                USART3_IRQHandler
                0x0000000008001560                CAN1_RX1_IRQHandler
                0x0000000008001560                UART5_IRQHandler
                0x0000000008001560                DMA2_Stream0_IRQHandler
                0x0000000008001560                TIM4_IRQHandler
                0x0000000008001560                I2C1_EV_IRQHandler
                0x0000000008001560                DMA1_Stream6_IRQHandler
                0x0000000008001560                DMA1_Stream1_IRQHandler
                0x0000000008001560                UART4_IRQHandler
                0x0000000008001560                TIM3_IRQHandler
                0x0000000008001560                RCC_IRQHandler
                0x0000000008001560                TIM8_BRK_TIM12_IRQHandler
                0x0000000008001560                Default_Handler
                0x0000000008001560                EXTI15_10_IRQHandler
                0x0000000008001560                ADC_IRQHandler
                0x0000000008001560                DMA1_Stream7_IRQHandler
                0x0000000008001560                SPI5_IRQHandler
                0x0000000008001560                TIM7_IRQHandler
                0x0000000008001560                CAN2_TX_IRQHandler
                0x0000000008001560                TIM5_IRQHandler
                0x0000000008001560                DMA2_Stream7_IRQHandler
                0x0000000008001560                I2C3_EV_IRQHandler
                0x0000000008001560                EXTI9_5_IRQHandler
                0x0000000008001560                RTC_WKUP_IRQHandler
                0x0000000008001560                LTDC_IRQHandler
                0x0000000008001560                ETH_WKUP_IRQHandler
                0x0000000008001560                SPI2_IRQHandler
                0x0000000008001560                OTG_HS_EP1_IN_IRQHandler
                0x0000000008001560                DMA1_Stream0_IRQHandler
                0x0000000008001560                CAN1_TX_IRQHandler
                0x0000000008001560                EXTI4_IRQHandler
                0x0000000008001560                ETH_IRQHandler
                0x0000000008001560                OTG_HS_EP1_OUT_IRQHandler
                0x0000000008001560                WWDG_IRQHandler
                0x0000000008001560                SPI6_IRQHandler
                0x0000000008001560                TIM2_IRQHandler
                0x0000000008001560                OTG_FS_WKUP_IRQHandler
                0x0000000008001560                TIM1_TRG_COM_TIM11_IRQHandler
                0x0000000008001560                OTG_HS_IRQHandler
                0x0000000008001560                DMA2D_IRQHandler
                0x0000000008001560                EXTI1_IRQHandler
                0x0000000008001560                UART7_IRQHandler
                0x0000000008001560                USART2_IRQHandler
                0x0000000008001560                I2C2_ER_IRQHandler
                0x0000000008001560                DMA2_Stream1_IRQHandler
                0x0000000008001560                CAN1_SCE_IRQHandler
                0x0000000008001560                FLASH_IRQHandler
                0x0000000008001560                DMA2_Stream4_IRQHandler
                0x0000000008001560                USART1_IRQHandler
                0x0000000008001560                SPI3_IRQHandler
                0x0000000008001560                DMA1_Stream4_IRQHandler
                0x0000000008001560                I2C1_ER_IRQHandler
                0x0000000008001560                FMC_IRQHandler
                0x0000000008001560                DMA2_Stream6_IRQHandler
                0x0000000008001560                SAI1_IRQHandler
                0x0000000008001560                DMA1_Stream3_IRQHandler
 *fill*         0x0000000008001562        0x2 
 .text.HAL_Init
                0x0000000008001564       0x44 ./Drivers/STM32F4xx_HAL_Driver/Src/stm32f4xx_hal.o
                0x0000000008001564                HAL_Init
 .text.HAL_InitTick
                0x00000000080015a8       0x60 ./Drivers/STM32F4xx_HAL_Driver/Src/stm32f4xx_hal.o
                0x00000000080015a8                HAL_InitTick
 .text.HAL_IncTick
                0x0000000008001608       0x28 ./Drivers/STM32F4xx_HAL_Driver/Src/stm32f4xx_hal.o
                0x0000000008001608                HAL_IncTick
 .text.HAL_GetTick
                0x0000000008001630       0x18 ./Drivers/STM32F4xx_HAL_Driver/Src/stm32f4xx_hal.o
                0x0000000008001630                HAL_GetTick
 .text.HAL_Delay
                0x0000000008001648       0x48 ./Drivers/STM32F4xx_HAL_Driver/Src/stm32f4xx_hal.o
                0x0000000008001648                HAL_Delay
 .text.__NVIC_SetPriorityGrouping
                0x0000000008001690       0x48 ./Drivers/STM32F4xx_HAL_Driver/Src/stm32f4xx_hal_cortex.o
 .text.__NVIC_GetPriorityGrouping
                0x00000000080016d8       0x1c ./Drivers/STM32F4xx_HAL_Driver/Src/stm32f4xx_hal_cortex.o
 .text.__NVIC_EnableIRQ
                0x00000000080016f4       0x3c ./Drivers/STM32F4xx_HAL_Driver/Src/stm32f4xx_hal_cortex.o
 .text.__NVIC_SetPriority
                0x0000000008001730       0x54 ./Drivers/STM32F4xx_HAL_Driver/Src/stm32f4xx_hal_cortex.o
 .text.NVIC_EncodePriority
                0x0000000008001784       0x66 ./Drivers/STM32F4xx_HAL_Driver/Src/stm32f4xx_hal_cortex.o
 *fill*         0x00000000080017ea        0x2 
 .text.SysTick_Config
                0x00000000080017ec       0x44 ./Drivers/STM32F4xx_HAL_Driver/Src/stm32f4xx_hal_cortex.o
 .text.HAL_NVIC_SetPriorityGrouping
                0x0000000008001830       0x16 ./Drivers/STM32F4xx_HAL_Driver/Src/stm32f4xx_hal_cortex.o
                0x0000000008001830                HAL_NVIC_SetPriorityGrouping
 .text.HAL_NVIC_SetPriority
                0x0000000008001846       0x38 ./Drivers/STM32F4xx_HAL_Driver/Src/stm32f4xx_hal_cortex.o
                0x0000000008001846                HAL_NVIC_SetPriority
 .text.HAL_NVIC_EnableIRQ
                0x000000000800187e       0x1c ./Drivers/STM32F4xx_HAL_Driver/Src/stm32f4xx_hal_cortex.o
                0x000000000800187e                HAL_NVIC_EnableIRQ
 .text.HAL_SYSTICK_Config
                0x000000000800189a       0x18 ./Drivers/STM32F4xx_HAL_Driver/Src/stm32f4xx_hal_cortex.o
                0x000000000800189a                HAL_SYSTICK_Config
 *fill*         0x00000000080018b2        0x2 
 .text.HAL_GPIO_Init
                0x00000000080018b4      0x358 ./Drivers/STM32F4xx_HAL_Driver/Src/stm32f4xx_hal_gpio.o
                0x00000000080018b4                HAL_GPIO_Init
 .text.HAL_GPIO_ReadPin
                0x0000000008001c0c       0x30 ./Drivers/STM32F4xx_HAL_Driver/Src/stm32f4xx_hal_gpio.o
                0x0000000008001c0c                HAL_GPIO_ReadPin
 .text.HAL_GPIO_WritePin
                0x0000000008001c3c       0x32 ./Drivers/STM32F4xx_HAL_Driver/Src/stm32f4xx_hal_gpio.o
                0x0000000008001c3c                HAL_GPIO_WritePin
 .text.HAL_PCD_Init
                0x0000000008001c6e      0x23a ./Drivers/STM32F4xx_HAL_Driver/Src/stm32f4xx_hal_pcd.o
                0x0000000008001c6e                HAL_PCD_Init
 .text.HAL_PCD_Start
                0x0000000008001ea8       0x66 ./Drivers/STM32F4xx_HAL_Driver/Src/stm32f4xx_hal_pcd.o
                0x0000000008001ea8                HAL_PCD_Start
 .text.HAL_PCD_IRQHandler
                0x0000000008001f0e      0x93e ./Drivers/STM32F4xx_HAL_Driver/Src/stm32f4xx_hal_pcd.o
                0x0000000008001f0e                HAL_PCD_IRQHandler
 .text.HAL_PCD_SetAddress
                0x000000000800284c       0x4a ./Drivers/STM32F4xx_HAL_Driver/Src/stm32f4xx_hal_pcd.o
                0x000000000800284c                HAL_PCD_SetAddress
 .text.HAL_PCD_EP_Open
                0x0000000008002896       0xd0 ./Drivers/STM32F4xx_HAL_Driver/Src/stm32f4xx_hal_pcd.o
                0x0000000008002896                HAL_PCD_EP_Open
 .text.HAL_PCD_EP_Close
                0x0000000008002966       0x94 ./Drivers/STM32F4xx_HAL_Driver/Src/stm32f4xx_hal_pcd.o
                0x0000000008002966                HAL_PCD_EP_Close
 .text.HAL_PCD_EP_Receive
                0x00000000080029fa       0x96 ./Drivers/STM32F4xx_HAL_Driver/Src/stm32f4xx_hal_pcd.o
                0x00000000080029fa                HAL_PCD_EP_Receive
 .text.HAL_PCD_EP_Transmit
                0x0000000008002a90       0x94 ./Drivers/STM32F4xx_HAL_Driver/Src/stm32f4xx_hal_pcd.o
                0x0000000008002a90                HAL_PCD_EP_Transmit
 .text.HAL_PCD_EP_SetStall
                0x0000000008002b24       0xc8 ./Drivers/STM32F4xx_HAL_Driver/Src/stm32f4xx_hal_pcd.o
                0x0000000008002b24                HAL_PCD_EP_SetStall
 .text.HAL_PCD_EP_ClrStall
                0x0000000008002bec       0xac ./Drivers/STM32F4xx_HAL_Driver/Src/stm32f4xx_hal_pcd.o
                0x0000000008002bec                HAL_PCD_EP_ClrStall
 .text.HAL_PCD_EP_Abort
                0x0000000008002c98       0x62 ./Drivers/STM32F4xx_HAL_Driver/Src/stm32f4xx_hal_pcd.o
                0x0000000008002c98                HAL_PCD_EP_Abort
 .text.PCD_WriteEmptyTxFifo
                0x0000000008002cfa      0x11a ./Drivers/STM32F4xx_HAL_Driver/Src/stm32f4xx_hal_pcd.o
 .text.PCD_EP_OutXfrComplete_int
                0x0000000008002e14      0x1d0 ./Drivers/STM32F4xx_HAL_Driver/Src/stm32f4xx_hal_pcd.o
 .text.PCD_EP_OutSetupPacket_int
                0x0000000008002fe4       0x8c ./Drivers/STM32F4xx_HAL_Driver/Src/stm32f4xx_hal_pcd.o
 .text.HAL_PCDEx_SetTxFiFo
                0x0000000008003070       0x8e ./Drivers/STM32F4xx_HAL_Driver/Src/stm32f4xx_hal_pcd_ex.o
                0x0000000008003070                HAL_PCDEx_SetTxFiFo
 .text.HAL_PCDEx_SetRxFiFo
                0x00000000080030fe       0x22 ./Drivers/STM32F4xx_HAL_Driver/Src/stm32f4xx_hal_pcd_ex.o
                0x00000000080030fe                HAL_PCDEx_SetRxFiFo
 .text.HAL_PCDEx_LPM_Callback
                0x0000000008003120       0x18 ./Drivers/STM32F4xx_HAL_Driver/Src/stm32f4xx_hal_pcd_ex.o
                0x0000000008003120                HAL_PCDEx_LPM_Callback
 .text.HAL_RCC_OscConfig
                0x0000000008003138      0x4f0 ./Drivers/STM32F4xx_HAL_Driver/Src/stm32f4xx_hal_rcc.o
                0x0000000008003138                HAL_RCC_OscConfig
 .text.HAL_RCC_ClockConfig
                0x0000000008003628      0x1cc ./Drivers/STM32F4xx_HAL_Driver/Src/stm32f4xx_hal_rcc.o
                0x0000000008003628                HAL_RCC_ClockConfig
 .text.HAL_RCC_GetSysClockFreq
                0x00000000080037f4      0x20c ./Drivers/STM32F4xx_HAL_Driver/Src/stm32f4xx_hal_rcc.o
                0x00000000080037f4                HAL_RCC_GetSysClockFreq
 .text.HAL_RCC_GetHCLKFreq
                0x0000000008003a00       0x18 ./Drivers/STM32F4xx_HAL_Driver/Src/stm32f4xx_hal_rcc.o
                0x0000000008003a00                HAL_RCC_GetHCLKFreq
 .text.HAL_RCC_GetPCLK1Freq
                0x0000000008003a18       0x28 ./Drivers/STM32F4xx_HAL_Driver/Src/stm32f4xx_hal_rcc.o
                0x0000000008003a18                HAL_RCC_GetPCLK1Freq
 .text.HAL_RCC_GetPCLK2Freq
                0x0000000008003a40       0x28 ./Drivers/STM32F4xx_HAL_Driver/Src/stm32f4xx_hal_rcc.o
                0x0000000008003a40                HAL_RCC_GetPCLK2Freq
 .text.HAL_UART_Init
                0x0000000008003a68       0x9a ./Drivers/STM32F4xx_HAL_Driver/Src/stm32f4xx_hal_uart.o
                0x0000000008003a68                HAL_UART_Init
 *fill*         0x0000000008003b02        0x2 
 .text.UART_SetConfig
                0x0000000008003b04      0x4e8 ./Drivers/STM32F4xx_HAL_Driver/Src/stm32f4xx_hal_uart.o
 .text.USB_CoreInit
                0x0000000008003fec       0xc2 ./Drivers/STM32F4xx_HAL_Driver/Src/stm32f4xx_ll_usb.o
                0x0000000008003fec                USB_CoreInit
 *fill*         0x00000000080040ae        0x2 
 .text.USB_SetTurnaroundTime
                0x00000000080040b0      0x144 ./Drivers/STM32F4xx_HAL_Driver/Src/stm32f4xx_ll_usb.o
                0x00000000080040b0                USB_SetTurnaroundTime
 .text.USB_EnableGlobalInt
                0x00000000080041f4       0x22 ./Drivers/STM32F4xx_HAL_Driver/Src/stm32f4xx_ll_usb.o
                0x00000000080041f4                USB_EnableGlobalInt
 .text.USB_DisableGlobalInt
                0x0000000008004216       0x22 ./Drivers/STM32F4xx_HAL_Driver/Src/stm32f4xx_ll_usb.o
                0x0000000008004216                USB_DisableGlobalInt
 .text.USB_SetCurrentMode
                0x0000000008004238       0x98 ./Drivers/STM32F4xx_HAL_Driver/Src/stm32f4xx_ll_usb.o
                0x0000000008004238                USB_SetCurrentMode
 .text.USB_DevInit
                0x00000000080042d0      0x2c8 ./Drivers/STM32F4xx_HAL_Driver/Src/stm32f4xx_ll_usb.o
                0x00000000080042d0                USB_DevInit
 .text.USB_FlushTxFifo
                0x0000000008004598       0x68 ./Drivers/STM32F4xx_HAL_Driver/Src/stm32f4xx_ll_usb.o
                0x0000000008004598                USB_FlushTxFifo
 .text.USB_FlushRxFifo
                0x0000000008004600       0x60 ./Drivers/STM32F4xx_HAL_Driver/Src/stm32f4xx_ll_usb.o
                0x0000000008004600                USB_FlushRxFifo
 .text.USB_SetDevSpeed
                0x0000000008004660       0x32 ./Drivers/STM32F4xx_HAL_Driver/Src/stm32f4xx_ll_usb.o
                0x0000000008004660                USB_SetDevSpeed
 .text.USB_GetDevSpeed
                0x0000000008004692       0x4a ./Drivers/STM32F4xx_HAL_Driver/Src/stm32f4xx_ll_usb.o
                0x0000000008004692                USB_GetDevSpeed
 .text.USB_ActivateEndpoint
                0x00000000080046dc      0x10e ./Drivers/STM32F4xx_HAL_Driver/Src/stm32f4xx_ll_usb.o
                0x00000000080046dc                USB_ActivateEndpoint
 *fill*         0x00000000080047ea        0x2 
 .text.USB_DeactivateEndpoint
                0x00000000080047ec      0x1b8 ./Drivers/STM32F4xx_HAL_Driver/Src/stm32f4xx_ll_usb.o
                0x00000000080047ec                USB_DeactivateEndpoint
 .text.USB_EPStartXfer
                0x00000000080049a4      0x490 ./Drivers/STM32F4xx_HAL_Driver/Src/stm32f4xx_ll_usb.o
                0x00000000080049a4                USB_EPStartXfer
 .text.USB_EP0StartXfer
                0x0000000008004e34      0x2b0 ./Drivers/STM32F4xx_HAL_Driver/Src/stm32f4xx_ll_usb.o
                0x0000000008004e34                USB_EP0StartXfer
 .text.USB_EPStopXfer
                0x00000000080050e4      0x154 ./Drivers/STM32F4xx_HAL_Driver/Src/stm32f4xx_ll_usb.o
                0x00000000080050e4                USB_EPStopXfer
 .text.USB_WritePacket
                0x0000000008005238       0x7c ./Drivers/STM32F4xx_HAL_Driver/Src/stm32f4xx_ll_usb.o
                0x0000000008005238                USB_WritePacket
 .text.USB_ReadPacket
                0x00000000080052b4       0xb0 ./Drivers/STM32F4xx_HAL_Driver/Src/stm32f4xx_ll_usb.o
                0x00000000080052b4                USB_ReadPacket
 .text.USB_EPSetStall
                0x0000000008005364       0xdc ./Drivers/STM32F4xx_HAL_Driver/Src/stm32f4xx_ll_usb.o
                0x0000000008005364                USB_EPSetStall
 .text.USB_EPClearStall
                0x0000000008005440       0xcc ./Drivers/STM32F4xx_HAL_Driver/Src/stm32f4xx_ll_usb.o
                0x0000000008005440                USB_EPClearStall
 .text.USB_SetDevAddress
                0x000000000800550c       0x4c ./Drivers/STM32F4xx_HAL_Driver/Src/stm32f4xx_ll_usb.o
                0x000000000800550c                USB_SetDevAddress
 .text.USB_DevConnect
                0x0000000008005558       0x42 ./Drivers/STM32F4xx_HAL_Driver/Src/stm32f4xx_ll_usb.o
                0x0000000008005558                USB_DevConnect
 .text.USB_DevDisconnect
                0x000000000800559a       0x42 ./Drivers/STM32F4xx_HAL_Driver/Src/stm32f4xx_ll_usb.o
                0x000000000800559a                USB_DevDisconnect
 .text.USB_ReadInterrupts
                0x00000000080055dc       0x26 ./Drivers/STM32F4xx_HAL_Driver/Src/stm32f4xx_ll_usb.o
                0x00000000080055dc                USB_ReadInterrupts
 .text.USB_ReadDevAllOutEpInterrupt
                0x0000000008005602       0x34 ./Drivers/STM32F4xx_HAL_Driver/Src/stm32f4xx_ll_usb.o
                0x0000000008005602                USB_ReadDevAllOutEpInterrupt
 .text.USB_ReadDevAllInEpInterrupt
                0x0000000008005636       0x34 ./Drivers/STM32F4xx_HAL_Driver/Src/stm32f4xx_ll_usb.o
                0x0000000008005636                USB_ReadDevAllInEpInterrupt
 .text.USB_ReadDevOutEPInterrupt
                0x000000000800566a       0x3c ./Drivers/STM32F4xx_HAL_Driver/Src/stm32f4xx_ll_usb.o
                0x000000000800566a                USB_ReadDevOutEPInterrupt
 .text.USB_ReadDevInEPInterrupt
                0x00000000080056a6       0x5c ./Drivers/STM32F4xx_HAL_Driver/Src/stm32f4xx_ll_usb.o
                0x00000000080056a6                USB_ReadDevInEPInterrupt
 .text.USB_GetMode
                0x0000000008005702       0x1c ./Drivers/STM32F4xx_HAL_Driver/Src/stm32f4xx_ll_usb.o
                0x0000000008005702                USB_GetMode
 .text.USB_ActivateSetup
                0x000000000800571e       0x46 ./Drivers/STM32F4xx_HAL_Driver/Src/stm32f4xx_ll_usb.o
                0x000000000800571e                USB_ActivateSetup
 .text.USB_EP0_OutStart
                0x0000000008005764       0xbc ./Drivers/STM32F4xx_HAL_Driver/Src/stm32f4xx_ll_usb.o
                0x0000000008005764                USB_EP0_OutStart
 .text.USB_CoreReset
                0x0000000008005820       0x68 ./Drivers/STM32F4xx_HAL_Driver/Src/stm32f4xx_ll_usb.o
 .text.USBD_HID_Init
                0x0000000008005888       0xcc ./Middlewares/ST/STM32_USB_Device_Library/Class/HID/Src/usbd_hid.o
 .text.USBD_HID_DeInit
                0x0000000008005954       0x90 ./Middlewares/ST/STM32_USB_Device_Library/Class/HID/Src/usbd_hid.o
 .text.USBD_HID_Setup
                0x00000000080059e4      0x210 ./Middlewares/ST/STM32_USB_Device_Library/Class/HID/Src/usbd_hid.o
 .text.USBD_HID_SendReport
                0x0000000008005bf4       0x60 ./Middlewares/ST/STM32_USB_Device_Library/Class/HID/Src/usbd_hid.o
                0x0000000008005bf4                USBD_HID_SendReport
 .text.USBD_HID_GetPollingInterval
                0x0000000008005c54       0x28 ./Middlewares/ST/STM32_USB_Device_Library/Class/HID/Src/usbd_hid.o
                0x0000000008005c54                USBD_HID_GetPollingInterval
 .text.USBD_HID_GetFSCfgDesc
                0x0000000008005c7c       0x34 ./Middlewares/ST/STM32_USB_Device_Library/Class/HID/Src/usbd_hid.o
 .text.USBD_HID_GetHSCfgDesc
                0x0000000008005cb0       0x34 ./Middlewares/ST/STM32_USB_Device_Library/Class/HID/Src/usbd_hid.o
 .text.USBD_HID_GetOtherSpeedCfgDesc
                0x0000000008005ce4       0x34 ./Middlewares/ST/STM32_USB_Device_Library/Class/HID/Src/usbd_hid.o
 .text.USBD_HID_DataIn
                0x0000000008005d18       0x2c ./Middlewares/ST/STM32_USB_Device_Library/Class/HID/Src/usbd_hid.o
 .text.USBD_HID_GetDeviceQualifierDesc
                0x0000000008005d44       0x20 ./Middlewares/ST/STM32_USB_Device_Library/Class/HID/Src/usbd_hid.o
 .text.USBD_Init
                0x0000000008005d64       0x60 ./Middlewares/ST/STM32_USB_Device_Library/Core/Src/usbd_core.o
                0x0000000008005d64                USBD_Init
 .text.USBD_RegisterClass
                0x0000000008005dc4       0x6c ./Middlewares/ST/STM32_USB_Device_Library/Core/Src/usbd_core.o
                0x0000000008005dc4                USBD_RegisterClass
 .text.USBD_Start
                0x0000000008005e30       0x18 ./Middlewares/ST/STM32_USB_Device_Library/Core/Src/usbd_core.o
                0x0000000008005e30                USBD_Start
 .text.USBD_RunTestMode
                0x0000000008005e48       0x16 ./Middlewares/ST/STM32_USB_Device_Library/Core/Src/usbd_core.o
                0x0000000008005e48                USBD_RunTestMode
 .text.USBD_SetClassConfig
                0x0000000008005e5e       0x38 ./Middlewares/ST/STM32_USB_Device_Library/Core/Src/usbd_core.o
                0x0000000008005e5e                USBD_SetClassConfig
 .text.USBD_ClrClassConfig
                0x0000000008005e96       0x34 ./Middlewares/ST/STM32_USB_Device_Library/Core/Src/usbd_core.o
                0x0000000008005e96                USBD_ClrClassConfig
 .text.USBD_LL_SetupStage
                0x0000000008005eca       0xaa ./Middlewares/ST/STM32_USB_Device_Library/Core/Src/usbd_core.o
                0x0000000008005eca                USBD_LL_SetupStage
 .text.USBD_LL_DataOutStage
                0x0000000008005f74      0x166 ./Middlewares/ST/STM32_USB_Device_Library/Core/Src/usbd_core.o
                0x0000000008005f74                USBD_LL_DataOutStage
 .text.USBD_LL_DataInStage
                0x00000000080060da      0x164 ./Middlewares/ST/STM32_USB_Device_Library/Core/Src/usbd_core.o
                0x00000000080060da                USBD_LL_DataInStage
 .text.USBD_LL_Reset
                0x000000000800623e       0xa4 ./Middlewares/ST/STM32_USB_Device_Library/Core/Src/usbd_core.o
                0x000000000800623e                USBD_LL_Reset
 .text.USBD_LL_SetSpeed
                0x00000000080062e2       0x20 ./Middlewares/ST/STM32_USB_Device_Library/Core/Src/usbd_core.o
                0x00000000080062e2                USBD_LL_SetSpeed
 .text.USBD_LL_Suspend
                0x0000000008006302       0x2c ./Middlewares/ST/STM32_USB_Device_Library/Core/Src/usbd_core.o
                0x0000000008006302                USBD_LL_Suspend
 .text.USBD_LL_Resume
                0x000000000800632e       0x30 ./Middlewares/ST/STM32_USB_Device_Library/Core/Src/usbd_core.o
                0x000000000800632e                USBD_LL_Resume
 .text.USBD_LL_SOF
                0x000000000800635e       0x40 ./Middlewares/ST/STM32_USB_Device_Library/Core/Src/usbd_core.o
                0x000000000800635e                USBD_LL_SOF
 .text.USBD_LL_IsoINIncomplete
                0x000000000800639e       0x64 ./Middlewares/ST/STM32_USB_Device_Library/Core/Src/usbd_core.o
                0x000000000800639e                USBD_LL_IsoINIncomplete
 .text.USBD_LL_IsoOUTIncomplete
                0x0000000008006402       0x64 ./Middlewares/ST/STM32_USB_Device_Library/Core/Src/usbd_core.o
                0x0000000008006402                USBD_LL_IsoOUTIncomplete
 .text.USBD_LL_DevConnected
                0x0000000008006466       0x16 ./Middlewares/ST/STM32_USB_Device_Library/Core/Src/usbd_core.o
                0x0000000008006466                USBD_LL_DevConnected
 .text.USBD_LL_DevDisconnected
                0x000000000800647c       0x46 ./Middlewares/ST/STM32_USB_Device_Library/Core/Src/usbd_core.o
                0x000000000800647c                USBD_LL_DevDisconnected
 .text.USBD_CoreFindIF
                0x00000000080064c2       0x1a ./Middlewares/ST/STM32_USB_Device_Library/Core/Src/usbd_core.o
                0x00000000080064c2                USBD_CoreFindIF
 .text.USBD_CoreFindEP
                0x00000000080064dc       0x1a ./Middlewares/ST/STM32_USB_Device_Library/Core/Src/usbd_core.o
                0x00000000080064dc                USBD_CoreFindEP
 .text.USBD_GetEpDesc
                0x00000000080064f6       0x74 ./Middlewares/ST/STM32_USB_Device_Library/Core/Src/usbd_core.o
                0x00000000080064f6                USBD_GetEpDesc
 .text.USBD_GetNextDesc
                0x000000000800656a       0x3a ./Middlewares/ST/STM32_USB_Device_Library/Core/Src/usbd_core.o
                0x000000000800656a                USBD_GetNextDesc
 .text.SWAPBYTE
                0x00000000080065a4       0x3c ./Middlewares/ST/STM32_USB_Device_Library/Core/Src/usbd_ctlreq.o
 .text.USBD_StdDevReq
                0x00000000080065e0       0xe4 ./Middlewares/ST/STM32_USB_Device_Library/Core/Src/usbd_ctlreq.o
                0x00000000080065e0                USBD_StdDevReq
 .text.USBD_StdItfReq
                0x00000000080066c4       0xd8 ./Middlewares/ST/STM32_USB_Device_Library/Core/Src/usbd_ctlreq.o
                0x00000000080066c4                USBD_StdItfReq
 .text.USBD_StdEPReq
                0x000000000800679c      0x33a ./Middlewares/ST/STM32_USB_Device_Library/Core/Src/usbd_ctlreq.o
                0x000000000800679c                USBD_StdEPReq
 *fill*         0x0000000008006ad6        0x2 
 .text.USBD_GetDescriptor
                0x0000000008006ad8      0x2d4 ./Middlewares/ST/STM32_USB_Device_Library/Core/Src/usbd_ctlreq.o
 .text.USBD_SetAddress
                0x0000000008006dac       0x88 ./Middlewares/ST/STM32_USB_Device_Library/Core/Src/usbd_ctlreq.o
 .text.USBD_SetConfig
                0x0000000008006e34      0x154 ./Middlewares/ST/STM32_USB_Device_Library/Core/Src/usbd_ctlreq.o
 .text.USBD_GetConfig
                0x0000000008006f88       0x6c ./Middlewares/ST/STM32_USB_Device_Library/Core/Src/usbd_ctlreq.o
 .text.USBD_GetStatus
                0x0000000008006ff4       0x68 ./Middlewares/ST/STM32_USB_Device_Library/Core/Src/usbd_ctlreq.o
 .text.USBD_SetFeature
                0x000000000800705c       0x52 ./Middlewares/ST/STM32_USB_Device_Library/Core/Src/usbd_ctlreq.o
 .text.USBD_ClrFeature
                0x00000000080070ae       0x44 ./Middlewares/ST/STM32_USB_Device_Library/Core/Src/usbd_ctlreq.o
 .text.USBD_ParseSetupRequest
                0x00000000080070f2       0x74 ./Middlewares/ST/STM32_USB_Device_Library/Core/Src/usbd_ctlreq.o
                0x00000000080070f2                USBD_ParseSetupRequest
 .text.USBD_CtlError
                0x0000000008007166       0x22 ./Middlewares/ST/STM32_USB_Device_Library/Core/Src/usbd_ctlreq.o
                0x0000000008007166                USBD_CtlError
 .text.USBD_GetString
                0x0000000008007188       0x8c ./Middlewares/ST/STM32_USB_Device_Library/Core/Src/usbd_ctlreq.o
                0x0000000008007188                USBD_GetString
 .text.USBD_GetLen
                0x0000000008007214       0x34 ./Middlewares/ST/STM32_USB_Device_Library/Core/Src/usbd_ctlreq.o
 .text.USBD_CtlSendData
                0x0000000008007248       0x36 ./Middlewares/ST/STM32_USB_Device_Library/Core/Src/usbd_ioreq.o
                0x0000000008007248                USBD_CtlSendData
 .text.USBD_CtlContinueSendData
                0x000000000800727e       0x22 ./Middlewares/ST/STM32_USB_Device_Library/Core/Src/usbd_ioreq.o
                0x000000000800727e                USBD_CtlContinueSendData
 .text.USBD_CtlContinueRx
                0x00000000080072a0       0x22 ./Middlewares/ST/STM32_USB_Device_Library/Core/Src/usbd_ioreq.o
                0x00000000080072a0                USBD_CtlContinueRx
 .text.USBD_CtlSendStatus
                0x00000000080072c2       0x26 ./Middlewares/ST/STM32_USB_Device_Library/Core/Src/usbd_ioreq.o
                0x00000000080072c2                USBD_CtlSendStatus
 .text.USBD_CtlReceiveStatus
                0x00000000080072e8       0x26 ./Middlewares/ST/STM32_USB_Device_Library/Core/Src/usbd_ioreq.o
                0x00000000080072e8                USBD_CtlReceiveStatus
 *fill*         0x000000000800730e        0x2 
 .text.MX_USB_DEVICE_Init
                0x0000000008007310       0x4c ./USB_DEVICE/App/usb_device.o
                0x0000000008007310                MX_USB_DEVICE_Init
 .text.USBD_FS_DeviceDescriptor
                0x000000000800735c       0x24 ./USB_DEVICE/App/usbd_desc.o
                0x000000000800735c                USBD_FS_DeviceDescriptor
 .text.USBD_FS_LangIDStrDescriptor
                0x0000000008007380       0x24 ./USB_DEVICE/App/usbd_desc.o
                0x0000000008007380                USBD_FS_LangIDStrDescriptor
 .text.USBD_FS_ProductStrDescriptor
                0x00000000080073a4       0x3c ./USB_DEVICE/App/usbd_desc.o
                0x00000000080073a4                USBD_FS_ProductStrDescriptor
 .text.USBD_FS_ManufacturerStrDescriptor
                0x00000000080073e0       0x28 ./USB_DEVICE/App/usbd_desc.o
                0x00000000080073e0                USBD_FS_ManufacturerStrDescriptor
 .text.USBD_FS_SerialStrDescriptor
                0x0000000008007408       0x24 ./USB_DEVICE/App/usbd_desc.o
                0x0000000008007408                USBD_FS_SerialStrDescriptor
 .text.USBD_FS_ConfigStrDescriptor
                0x000000000800742c       0x3c ./USB_DEVICE/App/usbd_desc.o
                0x000000000800742c                USBD_FS_ConfigStrDescriptor
 .text.USBD_FS_InterfaceStrDescriptor
                0x0000000008007468       0x3c ./USB_DEVICE/App/usbd_desc.o
                0x0000000008007468                USBD_FS_InterfaceStrDescriptor
 .text.Get_SerialNum
                0x00000000080074a4       0x58 ./USB_DEVICE/App/usbd_desc.o
 .text.IntToUnicode
                0x00000000080074fc       0x7e ./USB_DEVICE/App/usbd_desc.o
 *fill*         0x000000000800757a        0x2 
 .text.HAL_PCD_MspInit
                0x000000000800757c       0xc4 ./USB_DEVICE/Target/usbd_conf.o
                0x000000000800757c                HAL_PCD_MspInit
 .text.HAL_PCD_SetupStageCallback
                0x0000000008007640       0x24 ./USB_DEVICE/Target/usbd_conf.o
                0x0000000008007640                HAL_PCD_SetupStageCallback
 .text.HAL_PCD_DataOutStageCallback
                0x0000000008007664       0x36 ./USB_DEVICE/Target/usbd_conf.o
                0x0000000008007664                HAL_PCD_DataOutStageCallback
 .text.HAL_PCD_DataInStageCallback
                0x000000000800769a       0x34 ./USB_DEVICE/Target/usbd_conf.o
                0x000000000800769a                HAL_PCD_DataInStageCallback
 .text.HAL_PCD_SOFCallback
                0x00000000080076ce       0x1c ./USB_DEVICE/Target/usbd_conf.o
                0x00000000080076ce                HAL_PCD_SOFCallback
 .text.HAL_PCD_ResetCallback
                0x00000000080076ea       0x50 ./USB_DEVICE/Target/usbd_conf.o
                0x00000000080076ea                HAL_PCD_ResetCallback
 *fill*         0x000000000800773a        0x2 
 .text.HAL_PCD_SuspendCallback
                0x000000000800773c       0x4c ./USB_DEVICE/Target/usbd_conf.o
                0x000000000800773c                HAL_PCD_SuspendCallback
 .text.HAL_PCD_ResumeCallback
                0x0000000008007788       0x1c ./USB_DEVICE/Target/usbd_conf.o
                0x0000000008007788                HAL_PCD_ResumeCallback
 .text.HAL_PCD_ISOOUTIncompleteCallback
                0x00000000080077a4       0x24 ./USB_DEVICE/Target/usbd_conf.o
                0x00000000080077a4                HAL_PCD_ISOOUTIncompleteCallback
 .text.HAL_PCD_ISOINIncompleteCallback
                0x00000000080077c8       0x24 ./USB_DEVICE/Target/usbd_conf.o
                0x00000000080077c8                HAL_PCD_ISOINIncompleteCallback
 .text.HAL_PCD_ConnectCallback
                0x00000000080077ec       0x1c ./USB_DEVICE/Target/usbd_conf.o
                0x00000000080077ec                HAL_PCD_ConnectCallback
 .text.HAL_PCD_DisconnectCallback
                0x0000000008007808       0x1c ./USB_DEVICE/Target/usbd_conf.o
                0x0000000008007808                HAL_PCD_DisconnectCallback
 .text.USBD_LL_Init
                0x0000000008007824       0x98 ./USB_DEVICE/Target/usbd_conf.o
                0x0000000008007824                USBD_LL_Init
 .text.USBD_LL_Start
                0x00000000080078bc       0x36 ./USB_DEVICE/Target/usbd_conf.o
                0x00000000080078bc                USBD_LL_Start
 .text.USBD_LL_OpenEP
                0x00000000080078f2       0x4c ./USB_DEVICE/Target/usbd_conf.o
                0x00000000080078f2                USBD_LL_OpenEP
 .text.USBD_LL_CloseEP
                0x000000000800793e       0x3e ./USB_DEVICE/Target/usbd_conf.o
                0x000000000800793e                USBD_LL_CloseEP
 .text.USBD_LL_StallEP
                0x000000000800797c       0x3e ./USB_DEVICE/Target/usbd_conf.o
                0x000000000800797c                USBD_LL_StallEP
 .text.USBD_LL_ClearStallEP
                0x00000000080079ba       0x3e ./USB_DEVICE/Target/usbd_conf.o
                0x00000000080079ba                USBD_LL_ClearStallEP
 .text.USBD_LL_IsStallEP
                0x00000000080079f8       0x58 ./USB_DEVICE/Target/usbd_conf.o
                0x00000000080079f8                USBD_LL_IsStallEP
 .text.USBD_LL_SetUSBAddress
                0x0000000008007a50       0x3e ./USB_DEVICE/Target/usbd_conf.o
                0x0000000008007a50                USBD_LL_SetUSBAddress
 .text.USBD_LL_Transmit
                0x0000000008007a8e       0x42 ./USB_DEVICE/Target/usbd_conf.o
                0x0000000008007a8e                USBD_LL_Transmit
 .text.USBD_LL_PrepareReceive
                0x0000000008007ad0       0x42 ./USB_DEVICE/Target/usbd_conf.o
                0x0000000008007ad0                USBD_LL_PrepareReceive
 *fill*         0x0000000008007b12        0x2 
 .text.USBD_static_malloc
                0x0000000008007b14       0x1c ./USB_DEVICE/Target/usbd_conf.o
                0x0000000008007b14                USBD_static_malloc
 .text.USBD_static_free
                0x0000000008007b30       0x14 ./USB_DEVICE/Target/usbd_conf.o
                0x0000000008007b30                USBD_static_free
 .text.USBD_Get_USB_Status
                0x0000000008007b44       0x58 ./USB_DEVICE/Target/usbd_conf.o
                0x0000000008007b44                USBD_Get_USB_Status
 .text.memset   0x0000000008007b9c       0x10 C:/appz/ST/STM32CubeIDE_1.10.1/STM32CubeIDE/plugins/com.st.stm32cube.ide.mcu.externaltools.gnu-tools-for-stm32.11.3.rel1.win32_1.1.0.202305231506/tools/bin/../lib/gcc/arm-none-eabi/11.3.1/../../../../arm-none-eabi/lib/thumb/v7e-m+fp/hard\libc_nano.a(libc_a-memset.o)
                0x0000000008007b9c                memset
 .text.__libc_init_array
                0x0000000008007bac       0x48 C:/appz/ST/STM32CubeIDE_1.10.1/STM32CubeIDE/plugins/com.st.stm32cube.ide.mcu.externaltools.gnu-tools-for-stm32.11.3.rel1.win32_1.1.0.202305231506/tools/bin/../lib/gcc/arm-none-eabi/11.3.1/../../../../arm-none-eabi/lib/thumb/v7e-m+fp/hard\libc_nano.a(libc_a-init.o)
                0x0000000008007bac                __libc_init_array
 .text.cosf     0x0000000008007bf4       0x88 C:/appz/ST/STM32CubeIDE_1.10.1/STM32CubeIDE/plugins/com.st.stm32cube.ide.mcu.externaltools.gnu-tools-for-stm32.11.3.rel1.win32_1.1.0.202305231506/tools/bin/../lib/gcc/arm-none-eabi/11.3.1/../../../../arm-none-eabi/lib/thumb/v7e-m+fp/hard\libm.a(libm_a-sf_cos.o)
                0x0000000008007bf4                cosf
 .text.sinf     0x0000000008007c7c       0x8c C:/appz/ST/STM32CubeIDE_1.10.1/STM32CubeIDE/plugins/com.st.stm32cube.ide.mcu.externaltools.gnu-tools-for-stm32.11.3.rel1.win32_1.1.0.202305231506/tools/bin/../lib/gcc/arm-none-eabi/11.3.1/../../../../arm-none-eabi/lib/thumb/v7e-m+fp/hard\libm.a(libm_a-sf_sin.o)
                0x0000000008007c7c                sinf
 .text.__kernel_cosf
                0x0000000008007d08       0xbc C:/appz/ST/STM32CubeIDE_1.10.1/STM32CubeIDE/plugins/com.st.stm32cube.ide.mcu.externaltools.gnu-tools-for-stm32.11.3.rel1.win32_1.1.0.202305231506/tools/bin/../lib/gcc/arm-none-eabi/11.3.1/../../../../arm-none-eabi/lib/thumb/v7e-m+fp/hard\libm.a(libm_a-kf_cos.o)
                0x0000000008007d08                __kernel_cosf
 .text.__kernel_sinf
                0x0000000008007dc4       0x90 C:/appz/ST/STM32CubeIDE_1.10.1/STM32CubeIDE/plugins/com.st.stm32cube.ide.mcu.externaltools.gnu-tools-for-stm32.11.3.rel1.win32_1.1.0.202305231506/tools/bin/../lib/gcc/arm-none-eabi/11.3.1/../../../../arm-none-eabi/lib/thumb/v7e-m+fp/hard\libm.a(libm_a-kf_sin.o)
                0x0000000008007dc4                __kernel_sinf
 .text.__ieee754_rem_pio2f
                0x0000000008007e54      0x258 C:/appz/ST/STM32CubeIDE_1.10.1/STM32CubeIDE/plugins/com.st.stm32cube.ide.mcu.externaltools.gnu-tools-for-stm32.11.3.rel1.win32_1.1.0.202305231506/tools/bin/../lib/gcc/arm-none-eabi/11.3.1/../../../../arm-none-eabi/lib/thumb/v7e-m+fp/hard\libm.a(libm_a-ef_rem_pio2.o)
                0x0000000008007e54                __ieee754_rem_pio2f
 .text.fabsf    0x00000000080080ac        0xe C:/appz/ST/STM32CubeIDE_1.10.1/STM32CubeIDE/plugins/com.st.stm32cube.ide.mcu.externaltools.gnu-tools-for-stm32.11.3.rel1.win32_1.1.0.202305231506/tools/bin/../lib/gcc/arm-none-eabi/11.3.1/../../../../arm-none-eabi/lib/thumb/v7e-m+fp/hard\libm.a(libm_a-sf_fabs.o)
                0x00000000080080ac                fabsf
 *fill*         0x00000000080080ba        0x2 
 .text.__kernel_rem_pio2f
                0x00000000080080bc      0x4e4 C:/appz/ST/STM32CubeIDE_1.10.1/STM32CubeIDE/plugins/com.st.stm32cube.ide.mcu.externaltools.gnu-tools-for-stm32.11.3.rel1.win32_1.1.0.202305231506/tools/bin/../lib/gcc/arm-none-eabi/11.3.1/../../../../arm-none-eabi/lib/thumb/v7e-m+fp/hard\libm.a(libm_a-kf_rem_pio2.o)
                0x00000000080080bc                __kernel_rem_pio2f
 .text.scalbnf  0x00000000080085a0       0xcc C:/appz/ST/STM32CubeIDE_1.10.1/STM32CubeIDE/plugins/com.st.stm32cube.ide.mcu.externaltools.gnu-tools-for-stm32.11.3.rel1.win32_1.1.0.202305231506/tools/bin/../lib/gcc/arm-none-eabi/11.3.1/../../../../arm-none-eabi/lib/thumb/v7e-m+fp/hard\libm.a(libm_a-sf_scalbn.o)
                0x00000000080085a0                scalbnf
 .text.floorf   0x000000000800866c       0x84 C:/appz/ST/STM32CubeIDE_1.10.1/STM32CubeIDE/plugins/com.st.stm32cube.ide.mcu.externaltools.gnu-tools-for-stm32.11.3.rel1.win32_1.1.0.202305231506/tools/bin/../lib/gcc/arm-none-eabi/11.3.1/../../../../arm-none-eabi/lib/thumb/v7e-m+fp/hard\libm.a(libm_a-sf_floor.o)
                0x000000000800866c                floorf
 *(.glue_7)
 .glue_7        0x00000000080086f0        0x0 linker stubs
 *(.glue_7t)
 .glue_7t       0x00000000080086f0        0x0 linker stubs
 *(.eh_frame)
 .eh_frame      0x00000000080086f0        0x0 C:/appz/ST/STM32CubeIDE_1.10.1/STM32CubeIDE/plugins/com.st.stm32cube.ide.mcu.externaltools.gnu-tools-for-stm32.11.3.rel1.win32_1.1.0.202305231506/tools/bin/../lib/gcc/arm-none-eabi/11.3.1/thumb/v7e-m+fp/hard/crtbegin.o
 *(.init)
 .init          0x00000000080086f0        0x4 C:/appz/ST/STM32CubeIDE_1.10.1/STM32CubeIDE/plugins/com.st.stm32cube.ide.mcu.externaltools.gnu-tools-for-stm32.11.3.rel1.win32_1.1.0.202305231506/tools/bin/../lib/gcc/arm-none-eabi/11.3.1/thumb/v7e-m+fp/hard/crti.o
                0x00000000080086f0                _init
 .init          0x00000000080086f4        0x8 C:/appz/ST/STM32CubeIDE_1.10.1/STM32CubeIDE/plugins/com.st.stm32cube.ide.mcu.externaltools.gnu-tools-for-stm32.11.3.rel1.win32_1.1.0.202305231506/tools/bin/../lib/gcc/arm-none-eabi/11.3.1/thumb/v7e-m+fp/hard/crtn.o
 *(.fini)
 .fini          0x00000000080086fc        0x4 C:/appz/ST/STM32CubeIDE_1.10.1/STM32CubeIDE/plugins/com.st.stm32cube.ide.mcu.externaltools.gnu-tools-for-stm32.11.3.rel1.win32_1.1.0.202305231506/tools/bin/../lib/gcc/arm-none-eabi/11.3.1/thumb/v7e-m+fp/hard/crti.o
                0x00000000080086fc                _fini
 .fini          0x0000000008008700        0x8 C:/appz/ST/STM32CubeIDE_1.10.1/STM32CubeIDE/plugins/com.st.stm32cube.ide.mcu.externaltools.gnu-tools-for-stm32.11.3.rel1.win32_1.1.0.202305231506/tools/bin/../lib/gcc/arm-none-eabi/11.3.1/thumb/v7e-m+fp/hard/crtn.o
                0x0000000008008708                . = ALIGN (0x4)
                0x0000000008008708                _etext = .

.vfp11_veneer   0x0000000008008708        0x0
 .vfp11_veneer  0x0000000008008708        0x0 linker stubs

.v4_bx          0x0000000008008708        0x0
 .v4_bx         0x0000000008008708        0x0 linker stubs

.iplt           0x0000000008008708        0x0
 .iplt          0x0000000008008708        0x0 C:/appz/ST/STM32CubeIDE_1.10.1/STM32CubeIDE/plugins/com.st.stm32cube.ide.mcu.externaltools.gnu-tools-for-stm32.11.3.rel1.win32_1.1.0.202305231506/tools/bin/../lib/gcc/arm-none-eabi/11.3.1/thumb/v7e-m+fp/hard/crtbegin.o

.rodata         0x0000000008008708      0x430
                0x0000000008008708                . = ALIGN (0x4)
 *(.rodata)
 .rodata        0x0000000008008708       0x46 ./USB_DEVICE/App/usbd_desc.o
 *(.rodata*)
 *fill*         0x000000000800874e        0x2 
 .rodata.AHBPrescTable
                0x0000000008008750       0x10 ./Core/Src/system_stm32f4xx.o
                0x0000000008008750                AHBPrescTable
 .rodata.APBPrescTable
                0x0000000008008760        0x8 ./Core/Src/system_stm32f4xx.o
                0x0000000008008760                APBPrescTable
 .rodata.npio2_hw
                0x0000000008008768       0x80 C:/appz/ST/STM32CubeIDE_1.10.1/STM32CubeIDE/plugins/com.st.stm32cube.ide.mcu.externaltools.gnu-tools-for-stm32.11.3.rel1.win32_1.1.0.202305231506/tools/bin/../lib/gcc/arm-none-eabi/11.3.1/../../../../arm-none-eabi/lib/thumb/v7e-m+fp/hard\libm.a(libm_a-ef_rem_pio2.o)
 .rodata.two_over_pi
                0x00000000080087e8      0x318 C:/appz/ST/STM32CubeIDE_1.10.1/STM32CubeIDE/plugins/com.st.stm32cube.ide.mcu.externaltools.gnu-tools-for-stm32.11.3.rel1.win32_1.1.0.202305231506/tools/bin/../lib/gcc/arm-none-eabi/11.3.1/../../../../arm-none-eabi/lib/thumb/v7e-m+fp/hard\libm.a(libm_a-ef_rem_pio2.o)
 .rodata.PIo2   0x0000000008008b00       0x2c C:/appz/ST/STM32CubeIDE_1.10.1/STM32CubeIDE/plugins/com.st.stm32cube.ide.mcu.externaltools.gnu-tools-for-stm32.11.3.rel1.win32_1.1.0.202305231506/tools/bin/../lib/gcc/arm-none-eabi/11.3.1/../../../../arm-none-eabi/lib/thumb/v7e-m+fp/hard\libm.a(libm_a-kf_rem_pio2.o)
 .rodata.init_jk
                0x0000000008008b2c        0xc C:/appz/ST/STM32CubeIDE_1.10.1/STM32CubeIDE/plugins/com.st.stm32cube.ide.mcu.externaltools.gnu-tools-for-stm32.11.3.rel1.win32_1.1.0.202305231506/tools/bin/../lib/gcc/arm-none-eabi/11.3.1/../../../../arm-none-eabi/lib/thumb/v7e-m+fp/hard\libm.a(libm_a-kf_rem_pio2.o)
                0x0000000008008b38                . = ALIGN (0x4)

.ARM.extab      0x0000000008008b38        0x0
                0x0000000008008b38                . = ALIGN (0x4)
 *(.ARM.extab* .gnu.linkonce.armextab.*)
                0x0000000008008b38                . = ALIGN (0x4)

.ARM            0x0000000008008b38        0x8
                0x0000000008008b38                . = ALIGN (0x4)
                0x0000000008008b38                __exidx_start = .
 *(.ARM.exidx*)
 .ARM.exidx     0x0000000008008b38        0x8 C:/appz/ST/STM32CubeIDE_1.10.1/STM32CubeIDE/plugins/com.st.stm32cube.ide.mcu.externaltools.gnu-tools-for-stm32.11.3.rel1.win32_1.1.0.202305231506/tools/bin/../lib/gcc/arm-none-eabi/11.3.1/thumb/v7e-m+fp/hard\libgcc.a(_udivmoddi4.o)
                0x0000000008008b40                __exidx_end = .
                0x0000000008008b40                . = ALIGN (0x4)

.rel.dyn        0x0000000008008b40        0x0
 .rel.iplt      0x0000000008008b40        0x0 C:/appz/ST/STM32CubeIDE_1.10.1/STM32CubeIDE/plugins/com.st.stm32cube.ide.mcu.externaltools.gnu-tools-for-stm32.11.3.rel1.win32_1.1.0.202305231506/tools/bin/../lib/gcc/arm-none-eabi/11.3.1/thumb/v7e-m+fp/hard/crtbegin.o

.preinit_array  0x0000000008008b40        0x0
                0x0000000008008b40                . = ALIGN (0x4)
                0x0000000008008b40                PROVIDE (__preinit_array_start = .)
 *(.preinit_array*)
                0x0000000008008b40                PROVIDE (__preinit_array_end = .)
                0x0000000008008b40                . = ALIGN (0x4)

.init_array     0x0000000008008b40        0x4
                0x0000000008008b40                . = ALIGN (0x4)
                0x0000000008008b40                PROVIDE (__init_array_start = .)
 *(SORT_BY_NAME(.init_array.*))
 *(.init_array*)
 .init_array    0x0000000008008b40        0x4 C:/appz/ST/STM32CubeIDE_1.10.1/STM32CubeIDE/plugins/com.st.stm32cube.ide.mcu.externaltools.gnu-tools-for-stm32.11.3.rel1.win32_1.1.0.202305231506/tools/bin/../lib/gcc/arm-none-eabi/11.3.1/thumb/v7e-m+fp/hard/crtbegin.o
                0x0000000008008b44                PROVIDE (__init_array_end = .)
                0x0000000008008b44                . = ALIGN (0x4)

.fini_array     0x0000000008008b44        0x4
                0x0000000008008b44                . = ALIGN (0x4)
                [!provide]                        PROVIDE (__fini_array_start = .)
 *(SORT_BY_NAME(.fini_array.*))
 *(.fini_array*)
 .fini_array    0x0000000008008b44        0x4 C:/appz/ST/STM32CubeIDE_1.10.1/STM32CubeIDE/plugins/com.st.stm32cube.ide.mcu.externaltools.gnu-tools-for-stm32.11.3.rel1.win32_1.1.0.202305231506/tools/bin/../lib/gcc/arm-none-eabi/11.3.1/thumb/v7e-m+fp/hard/crtbegin.o
                [!provide]                        PROVIDE (__fini_array_end = .)
                0x0000000008008b48                . = ALIGN (0x4)
                0x0000000008008b48                _sidata = LOADADDR (.data)

.data           0x0000000020000000      0x11c load address 0x0000000008008b48
                0x0000000020000000                . = ALIGN (0x4)
                0x0000000020000000                _sdata = .
 *(.data)
 *(.data*)
 .data.SystemCoreClock
                0x0000000020000000        0x4 ./Core/Src/system_stm32f4xx.o
                0x0000000020000000                SystemCoreClock
 .data.uwTickPrio
                0x0000000020000004        0x4 ./Drivers/STM32F4xx_HAL_Driver/Src/stm32f4xx_hal.o
                0x0000000020000004                uwTickPrio
 .data.uwTickFreq
                0x0000000020000008        0x1 ./Drivers/STM32F4xx_HAL_Driver/Src/stm32f4xx_hal.o
                0x0000000020000008                uwTickFreq
 *fill*         0x0000000020000009        0x3 
 .data.USBD_HID
                0x000000002000000c       0x38 ./Middlewares/ST/STM32_USB_Device_Library/Class/HID/Src/usbd_hid.o
                0x000000002000000c                USBD_HID
 .data.USBD_HID_CfgDesc
                0x0000000020000044       0x22 ./Middlewares/ST/STM32_USB_Device_Library/Class/HID/Src/usbd_hid.o
 *fill*         0x0000000020000066        0x2 
 .data.USBD_HID_Desc
                0x0000000020000068        0x9 ./Middlewares/ST/STM32_USB_Device_Library/Class/HID/Src/usbd_hid.o
 *fill*         0x0000000020000071        0x3 
 .data.USBD_HID_DeviceQualifierDesc
                0x0000000020000074        0xa ./Middlewares/ST/STM32_USB_Device_Library/Class/HID/Src/usbd_hid.o
 *fill*         0x000000002000007e        0x2 
 .data.HID_MOUSE_ReportDesc
                0x0000000020000080       0x4a ./Middlewares/ST/STM32_USB_Device_Library/Class/HID/Src/usbd_hid.o
 .data.HIDInEpAdd
                0x00000000200000ca        0x1 ./Middlewares/ST/STM32_USB_Device_Library/Class/HID/Src/usbd_hid.o
 *fill*         0x00000000200000cb        0x1 
 .data.FS_Desc  0x00000000200000cc       0x1c ./USB_DEVICE/App/usbd_desc.o
                0x00000000200000cc                FS_Desc
 .data.USBD_FS_DeviceDesc
                0x00000000200000e8       0x12 ./USB_DEVICE/App/usbd_desc.o
                0x00000000200000e8                USBD_FS_DeviceDesc
 *fill*         0x00000000200000fa        0x2 
 .data.USBD_LangIDDesc
                0x00000000200000fc        0x4 ./USB_DEVICE/App/usbd_desc.o
                0x00000000200000fc                USBD_LangIDDesc
 .data.USBD_StringSerial
                0x0000000020000100       0x1a ./USB_DEVICE/App/usbd_desc.o
                0x0000000020000100                USBD_StringSerial
 *(.RamFunc)
 *(.RamFunc*)
                0x000000002000011c                . = ALIGN (0x4)
 *fill*         0x000000002000011a        0x2 
                0x000000002000011c                _edata = .
                0x0000000008008c64                _siccmram = LOADADDR (.ccmram)

.igot.plt       0x000000002000011c        0x0 load address 0x0000000008008c64
 .igot.plt      0x000000002000011c        0x0 C:/appz/ST/STM32CubeIDE_1.10.1/STM32CubeIDE/plugins/com.st.stm32cube.ide.mcu.externaltools.gnu-tools-for-stm32.11.3.rel1.win32_1.1.0.202305231506/tools/bin/../lib/gcc/arm-none-eabi/11.3.1/thumb/v7e-m+fp/hard/crtbegin.o

.ccmram         0x0000000010000000        0x0 load address 0x0000000008008c64
                0x0000000010000000                . = ALIGN (0x4)
                0x0000000010000000                _sccmram = .
 *(.ccmram)
 *(.ccmram*)
                0x0000000010000000                . = ALIGN (0x4)
                0x0000000010000000                _eccmram = .
                0x0000000010000000                . = ALIGN (0x4)

.bss            0x000000002000011c      0xa68
                0x000000002000011c                _sbss = .
                0x000000002000011c                __bss_start__ = _sbss
 *(.bss)
 .bss           0x000000002000011c       0x1c C:/appz/ST/STM32CubeIDE_1.10.1/STM32CubeIDE/plugins/com.st.stm32cube.ide.mcu.externaltools.gnu-tools-for-stm32.11.3.rel1.win32_1.1.0.202305231506/tools/bin/../lib/gcc/arm-none-eabi/11.3.1/thumb/v7e-m+fp/hard/crtbegin.o
 *(.bss*)
 .bss.huart3    0x0000000020000138       0x44 ./Core/Src/main.o
                0x0000000020000138                huart3
 .bss.buff      0x000000002000017c        0x4 ./Core/Src/main.o
 .bss.uwTick    0x0000000020000180        0x4 ./Drivers/STM32F4xx_HAL_Driver/Src/stm32f4xx_hal.o
                0x0000000020000180                uwTick
 .bss.cfgidx.0  0x0000000020000184        0x1 ./Middlewares/ST/STM32_USB_Device_Library/Core/Src/usbd_ctlreq.o
 *fill*         0x0000000020000185        0x3 
 .bss.hUsbDeviceFS
                0x0000000020000188      0x2dc ./USB_DEVICE/App/usb_device.o
                0x0000000020000188                hUsbDeviceFS
 .bss.USBD_StrDesc
                0x0000000020000464      0x200 ./USB_DEVICE/App/usbd_desc.o
                0x0000000020000464                USBD_StrDesc
 .bss.hpcd_USB_OTG_FS
                0x0000000020000664      0x50c ./USB_DEVICE/Target/usbd_conf.o
                0x0000000020000664                hpcd_USB_OTG_FS
 .bss.mem.0     0x0000000020000b70       0x14 ./USB_DEVICE/Target/usbd_conf.o
 *(COMMON)
                0x0000000020000b84                . = ALIGN (0x4)
                0x0000000020000b84                _ebss = .
                0x0000000020000b84                __bss_end__ = _ebss

._user_heap_stack
                0x0000000020000b84      0x604
                0x0000000020000b88                . = ALIGN (0x8)
 *fill*         0x0000000020000b84        0x4 
                [!provide]                        PROVIDE (end = .)
                0x0000000020000b88                PROVIDE (_end = .)
                0x0000000020000d88                . = (. + _Min_Heap_Size)
 *fill*         0x0000000020000b88      0x200 
                0x0000000020001188                . = (. + _Min_Stack_Size)
 *fill*         0x0000000020000d88      0x400 
                0x0000000020001188                . = ALIGN (0x8)

/DISCARD/
 libc.a(*)
 libm.a(*)
 libgcc.a(*)

.ARM.attributes
                0x0000000000000000       0x30
 *(.ARM.attributes)
 .ARM.attributes
                0x0000000000000000       0x1e C:/appz/ST/STM32CubeIDE_1.10.1/STM32CubeIDE/plugins/com.st.stm32cube.ide.mcu.externaltools.gnu-tools-for-stm32.11.3.rel1.win32_1.1.0.202305231506/tools/bin/../lib/gcc/arm-none-eabi/11.3.1/thumb/v7e-m+fp/hard/crti.o
 .ARM.attributes
                0x000000000000001e       0x34 C:/appz/ST/STM32CubeIDE_1.10.1/STM32CubeIDE/plugins/com.st.stm32cube.ide.mcu.externaltools.gnu-tools-for-stm32.11.3.rel1.win32_1.1.0.202305231506/tools/bin/../lib/gcc/arm-none-eabi/11.3.1/thumb/v7e-m+fp/hard/crtbegin.o
 .ARM.attributes
                0x0000000000000052       0x34 ./Core/Inc/stm32f4xx_hal_msp.o
 .ARM.attributes
                0x0000000000000086       0x34 ./Core/Src/main.o
 .ARM.attributes
                0x00000000000000ba       0x34 ./Core/Src/stm32f4xx_it.o
 .ARM.attributes
                0x00000000000000ee       0x34 ./Core/Src/system_stm32f4xx.o
 .ARM.attributes
                0x0000000000000122       0x21 ./Core/Startup/startup_stm32f429zitx.o
 .ARM.attributes
                0x0000000000000143       0x34 ./Drivers/STM32F4xx_HAL_Driver/Src/stm32f4xx_hal.o
 .ARM.attributes
                0x0000000000000177       0x34 ./Drivers/STM32F4xx_HAL_Driver/Src/stm32f4xx_hal_cortex.o
 .ARM.attributes
                0x00000000000001ab       0x34 ./Drivers/STM32F4xx_HAL_Driver/Src/stm32f4xx_hal_gpio.o
 .ARM.attributes
                0x00000000000001df       0x34 ./Drivers/STM32F4xx_HAL_Driver/Src/stm32f4xx_hal_pcd.o
 .ARM.attributes
                0x0000000000000213       0x34 ./Drivers/STM32F4xx_HAL_Driver/Src/stm32f4xx_hal_pcd_ex.o
 .ARM.attributes
                0x0000000000000247       0x34 ./Drivers/STM32F4xx_HAL_Driver/Src/stm32f4xx_hal_rcc.o
 .ARM.attributes
                0x000000000000027b       0x34 ./Drivers/STM32F4xx_HAL_Driver/Src/stm32f4xx_hal_uart.o
 .ARM.attributes
                0x00000000000002af       0x34 ./Drivers/STM32F4xx_HAL_Driver/Src/stm32f4xx_ll_usb.o
 .ARM.attributes
                0x00000000000002e3       0x34 ./Middlewares/ST/STM32_USB_Device_Library/Class/HID/Src/usbd_hid.o
 .ARM.attributes
                0x0000000000000317       0x34 ./Middlewares/ST/STM32_USB_Device_Library/Core/Src/usbd_core.o
 .ARM.attributes
                0x000000000000034b       0x34 ./Middlewares/ST/STM32_USB_Device_Library/Core/Src/usbd_ctlreq.o
 .ARM.attributes
                0x000000000000037f       0x34 ./Middlewares/ST/STM32_USB_Device_Library/Core/Src/usbd_ioreq.o
 .ARM.attributes
                0x00000000000003b3       0x34 ./USB_DEVICE/App/usb_device.o
 .ARM.attributes
                0x00000000000003e7       0x34 ./USB_DEVICE/App/usbd_desc.o
 .ARM.attributes
                0x000000000000041b       0x34 ./USB_DEVICE/Target/usbd_conf.o
 .ARM.attributes
                0x000000000000044f       0x34 C:/appz/ST/STM32CubeIDE_1.10.1/STM32CubeIDE/plugins/com.st.stm32cube.ide.mcu.externaltools.gnu-tools-for-stm32.11.3.rel1.win32_1.1.0.202305231506/tools/bin/../lib/gcc/arm-none-eabi/11.3.1/../../../../arm-none-eabi/lib/thumb/v7e-m+fp/hard\libc_nano.a(libc_a-memset.o)
 .ARM.attributes
                0x0000000000000483       0x34 C:/appz/ST/STM32CubeIDE_1.10.1/STM32CubeIDE/plugins/com.st.stm32cube.ide.mcu.externaltools.gnu-tools-for-stm32.11.3.rel1.win32_1.1.0.202305231506/tools/bin/../lib/gcc/arm-none-eabi/11.3.1/../../../../arm-none-eabi/lib/thumb/v7e-m+fp/hard\libc_nano.a(libc_a-init.o)
 .ARM.attributes
                0x00000000000004b7       0x34 C:/appz/ST/STM32CubeIDE_1.10.1/STM32CubeIDE/plugins/com.st.stm32cube.ide.mcu.externaltools.gnu-tools-for-stm32.11.3.rel1.win32_1.1.0.202305231506/tools/bin/../lib/gcc/arm-none-eabi/11.3.1/../../../../arm-none-eabi/lib/thumb/v7e-m+fp/hard\libm.a(libm_a-sf_cos.o)
 .ARM.attributes
                0x00000000000004eb       0x34 C:/appz/ST/STM32CubeIDE_1.10.1/STM32CubeIDE/plugins/com.st.stm32cube.ide.mcu.externaltools.gnu-tools-for-stm32.11.3.rel1.win32_1.1.0.202305231506/tools/bin/../lib/gcc/arm-none-eabi/11.3.1/../../../../arm-none-eabi/lib/thumb/v7e-m+fp/hard\libm.a(libm_a-sf_sin.o)
 .ARM.attributes
                0x000000000000051f       0x34 C:/appz/ST/STM32CubeIDE_1.10.1/STM32CubeIDE/plugins/com.st.stm32cube.ide.mcu.externaltools.gnu-tools-for-stm32.11.3.rel1.win32_1.1.0.202305231506/tools/bin/../lib/gcc/arm-none-eabi/11.3.1/../../../../arm-none-eabi/lib/thumb/v7e-m+fp/hard\libm.a(libm_a-kf_cos.o)
 .ARM.attributes
                0x0000000000000553       0x34 C:/appz/ST/STM32CubeIDE_1.10.1/STM32CubeIDE/plugins/com.st.stm32cube.ide.mcu.externaltools.gnu-tools-for-stm32.11.3.rel1.win32_1.1.0.202305231506/tools/bin/../lib/gcc/arm-none-eabi/11.3.1/../../../../arm-none-eabi/lib/thumb/v7e-m+fp/hard\libm.a(libm_a-kf_sin.o)
 .ARM.attributes
                0x0000000000000587       0x34 C:/appz/ST/STM32CubeIDE_1.10.1/STM32CubeIDE/plugins/com.st.stm32cube.ide.mcu.externaltools.gnu-tools-for-stm32.11.3.rel1.win32_1.1.0.202305231506/tools/bin/../lib/gcc/arm-none-eabi/11.3.1/../../../../arm-none-eabi/lib/thumb/v7e-m+fp/hard\libm.a(libm_a-ef_rem_pio2.o)
 .ARM.attributes
                0x00000000000005bb       0x34 C:/appz/ST/STM32CubeIDE_1.10.1/STM32CubeIDE/plugins/com.st.stm32cube.ide.mcu.externaltools.gnu-tools-for-stm32.11.3.rel1.win32_1.1.0.202305231506/tools/bin/../lib/gcc/arm-none-eabi/11.3.1/../../../../arm-none-eabi/lib/thumb/v7e-m+fp/hard\libm.a(libm_a-sf_fabs.o)
 .ARM.attributes
                0x00000000000005ef       0x34 C:/appz/ST/STM32CubeIDE_1.10.1/STM32CubeIDE/plugins/com.st.stm32cube.ide.mcu.externaltools.gnu-tools-for-stm32.11.3.rel1.win32_1.1.0.202305231506/tools/bin/../lib/gcc/arm-none-eabi/11.3.1/../../../../arm-none-eabi/lib/thumb/v7e-m+fp/hard\libm.a(libm_a-kf_rem_pio2.o)
 .ARM.attributes
                0x0000000000000623       0x34 C:/appz/ST/STM32CubeIDE_1.10.1/STM32CubeIDE/plugins/com.st.stm32cube.ide.mcu.externaltools.gnu-tools-for-stm32.11.3.rel1.win32_1.1.0.202305231506/tools/bin/../lib/gcc/arm-none-eabi/11.3.1/../../../../arm-none-eabi/lib/thumb/v7e-m+fp/hard\libm.a(libm_a-sf_scalbn.o)
 .ARM.attributes
                0x0000000000000657       0x34 C:/appz/ST/STM32CubeIDE_1.10.1/STM32CubeIDE/plugins/com.st.stm32cube.ide.mcu.externaltools.gnu-tools-for-stm32.11.3.rel1.win32_1.1.0.202305231506/tools/bin/../lib/gcc/arm-none-eabi/11.3.1/../../../../arm-none-eabi/lib/thumb/v7e-m+fp/hard\libm.a(libm_a-sf_floor.o)
 .ARM.attributes
                0x000000000000068b       0x1e C:/appz/ST/STM32CubeIDE_1.10.1/STM32CubeIDE/plugins/com.st.stm32cube.ide.mcu.externaltools.gnu-tools-for-stm32.11.3.rel1.win32_1.1.0.202305231506/tools/bin/../lib/gcc/arm-none-eabi/11.3.1/thumb/v7e-m+fp/hard\libgcc.a(_arm_addsubdf3.o)
 .ARM.attributes
                0x00000000000006a9       0x1e C:/appz/ST/STM32CubeIDE_1.10.1/STM32CubeIDE/plugins/com.st.stm32cube.ide.mcu.externaltools.gnu-tools-for-stm32.11.3.rel1.win32_1.1.0.202305231506/tools/bin/../lib/gcc/arm-none-eabi/11.3.1/thumb/v7e-m+fp/hard\libgcc.a(_arm_muldivdf3.o)
 .ARM.attributes
                0x00000000000006c7       0x1e C:/appz/ST/STM32CubeIDE_1.10.1/STM32CubeIDE/plugins/com.st.stm32cube.ide.mcu.externaltools.gnu-tools-for-stm32.11.3.rel1.win32_1.1.0.202305231506/tools/bin/../lib/gcc/arm-none-eabi/11.3.1/thumb/v7e-m+fp/hard\libgcc.a(_arm_cmpdf2.o)
 .ARM.attributes
                0x00000000000006e5       0x1e C:/appz/ST/STM32CubeIDE_1.10.1/STM32CubeIDE/plugins/com.st.stm32cube.ide.mcu.externaltools.gnu-tools-for-stm32.11.3.rel1.win32_1.1.0.202305231506/tools/bin/../lib/gcc/arm-none-eabi/11.3.1/thumb/v7e-m+fp/hard\libgcc.a(_arm_truncdfsf2.o)
 .ARM.attributes
                0x0000000000000703       0x1e C:/appz/ST/STM32CubeIDE_1.10.1/STM32CubeIDE/plugins/com.st.stm32cube.ide.mcu.externaltools.gnu-tools-for-stm32.11.3.rel1.win32_1.1.0.202305231506/tools/bin/../lib/gcc/arm-none-eabi/11.3.1/thumb/v7e-m+fp/hard\libgcc.a(_aeabi_uldivmod.o)
 .ARM.attributes
                0x0000000000000721       0x34 C:/appz/ST/STM32CubeIDE_1.10.1/STM32CubeIDE/plugins/com.st.stm32cube.ide.mcu.externaltools.gnu-tools-for-stm32.11.3.rel1.win32_1.1.0.202305231506/tools/bin/../lib/gcc/arm-none-eabi/11.3.1/thumb/v7e-m+fp/hard\libgcc.a(_udivmoddi4.o)
 .ARM.attributes
                0x0000000000000755       0x1e C:/appz/ST/STM32CubeIDE_1.10.1/STM32CubeIDE/plugins/com.st.stm32cube.ide.mcu.externaltools.gnu-tools-for-stm32.11.3.rel1.win32_1.1.0.202305231506/tools/bin/../lib/gcc/arm-none-eabi/11.3.1/thumb/v7e-m+fp/hard\libgcc.a(_dvmd_tls.o)
 .ARM.attributes
                0x0000000000000773       0x1e C:/appz/ST/STM32CubeIDE_1.10.1/STM32CubeIDE/plugins/com.st.stm32cube.ide.mcu.externaltools.gnu-tools-for-stm32.11.3.rel1.win32_1.1.0.202305231506/tools/bin/../lib/gcc/arm-none-eabi/11.3.1/thumb/v7e-m+fp/hard/crtn.o
OUTPUT(cv11.elf elf32-littlearm)
LOAD linker stubs
LOAD C:/appz/ST/STM32CubeIDE_1.10.1/STM32CubeIDE/plugins/com.st.stm32cube.ide.mcu.externaltools.gnu-tools-for-stm32.11.3.rel1.win32_1.1.0.202305231506/tools/bin/../lib/gcc/arm-none-eabi/11.3.1/../../../../arm-none-eabi/lib/thumb/v7e-m+fp/hard\libc.a
LOAD C:/appz/ST/STM32CubeIDE_1.10.1/STM32CubeIDE/plugins/com.st.stm32cube.ide.mcu.externaltools.gnu-tools-for-stm32.11.3.rel1.win32_1.1.0.202305231506/tools/bin/../lib/gcc/arm-none-eabi/11.3.1/../../../../arm-none-eabi/lib/thumb/v7e-m+fp/hard\libm.a
LOAD C:/appz/ST/STM32CubeIDE_1.10.1/STM32CubeIDE/plugins/com.st.stm32cube.ide.mcu.externaltools.gnu-tools-for-stm32.11.3.rel1.win32_1.1.0.202305231506/tools/bin/../lib/gcc/arm-none-eabi/11.3.1/thumb/v7e-m+fp/hard\libgcc.a

.comment        0x0000000000000000       0x43
 .comment       0x0000000000000000       0x43 C:/appz/ST/STM32CubeIDE_1.10.1/STM32CubeIDE/plugins/com.st.stm32cube.ide.mcu.externaltools.gnu-tools-for-stm32.11.3.rel1.win32_1.1.0.202305231506/tools/bin/../lib/gcc/arm-none-eabi/11.3.1/thumb/v7e-m+fp/hard/crtbegin.o
                                         0x44 (size before relaxing)
 .comment       0x0000000000000043       0x44 ./Core/Inc/stm32f4xx_hal_msp.o
 .comment       0x0000000000000043       0x44 ./Core/Src/main.o
 .comment       0x0000000000000043       0x44 ./Core/Src/stm32f4xx_it.o
 .comment       0x0000000000000043       0x44 ./Core/Src/system_stm32f4xx.o
 .comment       0x0000000000000043       0x44 ./Drivers/STM32F4xx_HAL_Driver/Src/stm32f4xx_hal.o
 .comment       0x0000000000000043       0x44 ./Drivers/STM32F4xx_HAL_Driver/Src/stm32f4xx_hal_cortex.o
 .comment       0x0000000000000043       0x44 ./Drivers/STM32F4xx_HAL_Driver/Src/stm32f4xx_hal_gpio.o
 .comment       0x0000000000000043       0x44 ./Drivers/STM32F4xx_HAL_Driver/Src/stm32f4xx_hal_pcd.o
 .comment       0x0000000000000043       0x44 ./Drivers/STM32F4xx_HAL_Driver/Src/stm32f4xx_hal_pcd_ex.o
 .comment       0x0000000000000043       0x44 ./Drivers/STM32F4xx_HAL_Driver/Src/stm32f4xx_hal_rcc.o
 .comment       0x0000000000000043       0x44 ./Drivers/STM32F4xx_HAL_Driver/Src/stm32f4xx_hal_uart.o
 .comment       0x0000000000000043       0x44 ./Drivers/STM32F4xx_HAL_Driver/Src/stm32f4xx_ll_usb.o
 .comment       0x0000000000000043       0x44 ./Middlewares/ST/STM32_USB_Device_Library/Class/HID/Src/usbd_hid.o
 .comment       0x0000000000000043       0x44 ./Middlewares/ST/STM32_USB_Device_Library/Core/Src/usbd_core.o
 .comment       0x0000000000000043       0x44 ./Middlewares/ST/STM32_USB_Device_Library/Core/Src/usbd_ctlreq.o
 .comment       0x0000000000000043       0x44 ./Middlewares/ST/STM32_USB_Device_Library/Core/Src/usbd_ioreq.o
 .comment       0x0000000000000043       0x44 ./USB_DEVICE/App/usb_device.o
 .comment       0x0000000000000043       0x44 ./USB_DEVICE/App/usbd_desc.o
 .comment       0x0000000000000043       0x44 ./USB_DEVICE/Target/usbd_conf.o

.debug_info     0x0000000000000000    0x1062c
 .debug_info    0x0000000000000000      0x8e3 ./Core/Inc/stm32f4xx_hal_msp.o
 .debug_info    0x00000000000008e3     0x14bc ./Core/Src/main.o
 .debug_info    0x0000000000001d9f      0x60f ./Core/Src/stm32f4xx_it.o
 .debug_info    0x00000000000023ae      0x52e ./Core/Src/system_stm32f4xx.o
 .debug_info    0x00000000000028dc       0x23 ./Core/Startup/startup_stm32f429zitx.o
 .debug_info    0x00000000000028ff      0x9be ./Drivers/STM32F4xx_HAL_Driver/Src/stm32f4xx_hal.o
 .debug_info    0x00000000000032bd      0xd7c ./Drivers/STM32F4xx_HAL_Driver/Src/stm32f4xx_hal_cortex.o
 .debug_info    0x0000000000004039      0x6db ./Drivers/STM32F4xx_HAL_Driver/Src/stm32f4xx_hal_gpio.o
 .debug_info    0x0000000000004714     0x1541 ./Drivers/STM32F4xx_HAL_Driver/Src/stm32f4xx_hal_pcd.o
 .debug_info    0x0000000000005c55      0x6d2 ./Drivers/STM32F4xx_HAL_Driver/Src/stm32f4xx_hal_pcd_ex.o
 .debug_info    0x0000000000006327      0x8c9 ./Drivers/STM32F4xx_HAL_Driver/Src/stm32f4xx_hal_rcc.o
 .debug_info    0x0000000000006bf0     0x2fb8 ./Drivers/STM32F4xx_HAL_Driver/Src/stm32f4xx_hal_uart.o
 .debug_info    0x0000000000009ba8     0x18f6 ./Drivers/STM32F4xx_HAL_Driver/Src/stm32f4xx_ll_usb.o
 .debug_info    0x000000000000b49e      0xa84 ./Middlewares/ST/STM32_USB_Device_Library/Class/HID/Src/usbd_hid.o
 .debug_info    0x000000000000bf22      0xe05 ./Middlewares/ST/STM32_USB_Device_Library/Core/Src/usbd_core.o
 .debug_info    0x000000000000cd27      0xade ./Middlewares/ST/STM32_USB_Device_Library/Core/Src/usbd_ctlreq.o
 .debug_info    0x000000000000d805      0x755 ./Middlewares/ST/STM32_USB_Device_Library/Core/Src/usbd_ioreq.o
 .debug_info    0x000000000000df5a      0x5ef ./USB_DEVICE/App/usb_device.o
 .debug_info    0x000000000000e549      0x458 ./USB_DEVICE/App/usbd_desc.o
 .debug_info    0x000000000000e9a1     0x1c8b ./USB_DEVICE/Target/usbd_conf.o

.debug_abbrev   0x0000000000000000     0x2b82
 .debug_abbrev  0x0000000000000000      0x1ad ./Core/Inc/stm32f4xx_hal_msp.o
 .debug_abbrev  0x00000000000001ad      0x306 ./Core/Src/main.o
 .debug_abbrev  0x00000000000004b3      0x1a4 ./Core/Src/stm32f4xx_it.o
 .debug_abbrev  0x0000000000000657      0x11a ./Core/Src/system_stm32f4xx.o
 .debug_abbrev  0x0000000000000771       0x12 ./Core/Startup/startup_stm32f429zitx.o
 .debug_abbrev  0x0000000000000783      0x213 ./Drivers/STM32F4xx_HAL_Driver/Src/stm32f4xx_hal.o
 .debug_abbrev  0x0000000000000996      0x327 ./Drivers/STM32F4xx_HAL_Driver/Src/stm32f4xx_hal_cortex.o
 .debug_abbrev  0x0000000000000cbd      0x1d4 ./Drivers/STM32F4xx_HAL_Driver/Src/stm32f4xx_hal_gpio.o
 .debug_abbrev  0x0000000000000e91      0x2d0 ./Drivers/STM32F4xx_HAL_Driver/Src/stm32f4xx_hal_pcd.o
 .debug_abbrev  0x0000000000001161      0x1da ./Drivers/STM32F4xx_HAL_Driver/Src/stm32f4xx_hal_pcd_ex.o
 .debug_abbrev  0x000000000000133b      0x2b6 ./Drivers/STM32F4xx_HAL_Driver/Src/stm32f4xx_hal_rcc.o
 .debug_abbrev  0x00000000000015f1      0x30e ./Drivers/STM32F4xx_HAL_Driver/Src/stm32f4xx_hal_uart.o
 .debug_abbrev  0x00000000000018ff      0x2ac ./Drivers/STM32F4xx_HAL_Driver/Src/stm32f4xx_ll_usb.o
 .debug_abbrev  0x0000000000001bab      0x2a2 ./Middlewares/ST/STM32_USB_Device_Library/Class/HID/Src/usbd_hid.o
 .debug_abbrev  0x0000000000001e4d      0x27c ./Middlewares/ST/STM32_USB_Device_Library/Core/Src/usbd_core.o
 .debug_abbrev  0x00000000000020c9      0x26f ./Middlewares/ST/STM32_USB_Device_Library/Core/Src/usbd_ctlreq.o
 .debug_abbrev  0x0000000000002338      0x19a ./Middlewares/ST/STM32_USB_Device_Library/Core/Src/usbd_ioreq.o
 .debug_abbrev  0x00000000000024d2      0x190 ./USB_DEVICE/App/usb_device.o
 .debug_abbrev  0x0000000000002662      0x1e1 ./USB_DEVICE/App/usbd_desc.o
 .debug_abbrev  0x0000000000002843      0x33f ./USB_DEVICE/Target/usbd_conf.o

.debug_aranges  0x0000000000000000      0xd00
 .debug_aranges
                0x0000000000000000       0x30 ./Core/Inc/stm32f4xx_hal_msp.o
 .debug_aranges
                0x0000000000000030       0x50 ./Core/Src/main.o
 .debug_aranges
                0x0000000000000080       0x68 ./Core/Src/stm32f4xx_it.o
 .debug_aranges
                0x00000000000000e8       0x28 ./Core/Src/system_stm32f4xx.o
 .debug_aranges
                0x0000000000000110       0x28 ./Core/Startup/startup_stm32f429zitx.o
 .debug_aranges
                0x0000000000000138      0x100 ./Drivers/STM32F4xx_HAL_Driver/Src/stm32f4xx_hal.o
 .debug_aranges
                0x0000000000000238      0x118 ./Drivers/STM32F4xx_HAL_Driver/Src/stm32f4xx_hal_cortex.o
 .debug_aranges
                0x0000000000000350       0x58 ./Drivers/STM32F4xx_HAL_Driver/Src/stm32f4xx_hal_gpio.o
 .debug_aranges
                0x00000000000003a8      0x148 ./Drivers/STM32F4xx_HAL_Driver/Src/stm32f4xx_hal_pcd.o
 .debug_aranges
                0x00000000000004f0       0x38 ./Drivers/STM32F4xx_HAL_Driver/Src/stm32f4xx_hal_pcd_ex.o
 .debug_aranges
                0x0000000000000528       0x88 ./Drivers/STM32F4xx_HAL_Driver/Src/stm32f4xx_hal_rcc.o
 .debug_aranges
                0x00000000000005b0      0x200 ./Drivers/STM32F4xx_HAL_Driver/Src/stm32f4xx_hal_uart.o
 .debug_aranges
                0x00000000000007b0      0x1a0 ./Drivers/STM32F4xx_HAL_Driver/Src/stm32f4xx_ll_usb.o
 .debug_aranges
                0x0000000000000950       0x68 ./Middlewares/ST/STM32_USB_Device_Library/Class/HID/Src/usbd_hid.o
 .debug_aranges
                0x00000000000009b8       0xd8 ./Middlewares/ST/STM32_USB_Device_Library/Core/Src/usbd_core.o
 .debug_aranges
                0x0000000000000a90       0x90 ./Middlewares/ST/STM32_USB_Device_Library/Core/Src/usbd_ctlreq.o
 .debug_aranges
                0x0000000000000b20       0x50 ./Middlewares/ST/STM32_USB_Device_Library/Core/Src/usbd_ioreq.o
 .debug_aranges
                0x0000000000000b70       0x20 ./USB_DEVICE/App/usb_device.o
 .debug_aranges
                0x0000000000000b90       0x60 ./USB_DEVICE/App/usbd_desc.o
 .debug_aranges
                0x0000000000000bf0      0x110 ./USB_DEVICE/Target/usbd_conf.o

.debug_rnglists
                0x0000000000000000      0x9d7
 .debug_rnglists
                0x0000000000000000       0x20 ./Core/Inc/stm32f4xx_hal_msp.o
 .debug_rnglists
                0x0000000000000020       0x3b ./Core/Src/main.o
 .debug_rnglists
                0x000000000000005b       0x49 ./Core/Src/stm32f4xx_it.o
 .debug_rnglists
                0x00000000000000a4       0x1a ./Core/Src/system_stm32f4xx.o
 .debug_rnglists
                0x00000000000000be       0x19 ./Core/Startup/startup_stm32f429zitx.o
 .debug_rnglists
                0x00000000000000d7       0xbb ./Drivers/STM32F4xx_HAL_Driver/Src/stm32f4xx_hal.o
 .debug_rnglists
                0x0000000000000192       0xce ./Drivers/STM32F4xx_HAL_Driver/Src/stm32f4xx_hal_cortex.o
 .debug_rnglists
                0x0000000000000260       0x3f ./Drivers/STM32F4xx_HAL_Driver/Src/stm32f4xx_hal_gpio.o
 .debug_rnglists
                0x000000000000029f       0xfc ./Drivers/STM32F4xx_HAL_Driver/Src/stm32f4xx_hal_pcd.o
 .debug_rnglists
                0x000000000000039b       0x26 ./Drivers/STM32F4xx_HAL_Driver/Src/stm32f4xx_hal_pcd_ex.o
 .debug_rnglists
                0x00000000000003c1       0x66 ./Drivers/STM32F4xx_HAL_Driver/Src/stm32f4xx_hal_rcc.o
 .debug_rnglists
                0x0000000000000427      0x1b7 ./Drivers/STM32F4xx_HAL_Driver/Src/stm32f4xx_hal_uart.o
 .debug_rnglists
                0x00000000000005de      0x148 ./Drivers/STM32F4xx_HAL_Driver/Src/stm32f4xx_ll_usb.o
 .debug_rnglists
                0x0000000000000726       0x4c ./Middlewares/ST/STM32_USB_Device_Library/Class/HID/Src/usbd_hid.o
 .debug_rnglists
                0x0000000000000772       0xa1 ./Middlewares/ST/STM32_USB_Device_Library/Core/Src/usbd_core.o
 .debug_rnglists
                0x0000000000000813       0x6e ./Middlewares/ST/STM32_USB_Device_Library/Core/Src/usbd_ctlreq.o
 .debug_rnglists
                0x0000000000000881       0x37 ./Middlewares/ST/STM32_USB_Device_Library/Core/Src/usbd_ioreq.o
 .debug_rnglists
                0x00000000000008b8       0x13 ./USB_DEVICE/App/usb_device.o
 .debug_rnglists
                0x00000000000008cb       0x43 ./USB_DEVICE/App/usbd_desc.o
 .debug_rnglists
                0x000000000000090e       0xc9 ./USB_DEVICE/Target/usbd_conf.o

.debug_macro    0x0000000000000000    0x2611b
 .debug_macro   0x0000000000000000      0x1f7 ./Core/Inc/stm32f4xx_hal_msp.o
 .debug_macro   0x00000000000001f7      0xaa8 ./Core/Inc/stm32f4xx_hal_msp.o
 .debug_macro   0x0000000000000c9f      0x2a1 ./Core/Inc/stm32f4xx_hal_msp.o
 .debug_macro   0x0000000000000f40       0x2e ./Core/Inc/stm32f4xx_hal_msp.o
 .debug_macro   0x0000000000000f6e       0x28 ./Core/Inc/stm32f4xx_hal_msp.o
 .debug_macro   0x0000000000000f96       0x22 ./Core/Inc/stm32f4xx_hal_msp.o
 .debug_macro   0x0000000000000fb8       0x8e ./Core/Inc/stm32f4xx_hal_msp.o
 .debug_macro   0x0000000000001046       0x51 ./Core/Inc/stm32f4xx_hal_msp.o
 .debug_macro   0x0000000000001097      0x103 ./Core/Inc/stm32f4xx_hal_msp.o
 .debug_macro   0x000000000000119a       0x6a ./Core/Inc/stm32f4xx_hal_msp.o
 .debug_macro   0x0000000000001204      0x1df ./Core/Inc/stm32f4xx_hal_msp.o
 .debug_macro   0x00000000000013e3       0x1c ./Core/Inc/stm32f4xx_hal_msp.o
 .debug_macro   0x00000000000013ff       0x22 ./Core/Inc/stm32f4xx_hal_msp.o
 .debug_macro   0x0000000000001421       0xd9 ./Core/Inc/stm32f4xx_hal_msp.o
 .debug_macro   0x00000000000014fa     0x102d ./Core/Inc/stm32f4xx_hal_msp.o
 .debug_macro   0x0000000000002527      0x11f ./Core/Inc/stm32f4xx_hal_msp.o
 .debug_macro   0x0000000000002646    0x17fc0 ./Core/Inc/stm32f4xx_hal_msp.o
 .debug_macro   0x000000000001a606       0x6d ./Core/Inc/stm32f4xx_hal_msp.o
 .debug_macro   0x000000000001a673     0x36f5 ./Core/Inc/stm32f4xx_hal_msp.o
 .debug_macro   0x000000000001dd68      0x174 ./Core/Inc/stm32f4xx_hal_msp.o
 .debug_macro   0x000000000001dedc       0x5c ./Core/Inc/stm32f4xx_hal_msp.o
 .debug_macro   0x000000000001df38      0xca5 ./Core/Inc/stm32f4xx_hal_msp.o
 .debug_macro   0x000000000001ebdd      0x9fe ./Core/Inc/stm32f4xx_hal_msp.o
 .debug_macro   0x000000000001f5db      0x115 ./Core/Inc/stm32f4xx_hal_msp.o
 .debug_macro   0x000000000001f6f0      0x156 ./Core/Inc/stm32f4xx_hal_msp.o
 .debug_macro   0x000000000001f846       0xa5 ./Core/Inc/stm32f4xx_hal_msp.o
 .debug_macro   0x000000000001f8eb      0x182 ./Core/Inc/stm32f4xx_hal_msp.o
 .debug_macro   0x000000000001fa6d      0x287 ./Core/Inc/stm32f4xx_hal_msp.o
 .debug_macro   0x000000000001fcf4       0x5f ./Core/Inc/stm32f4xx_hal_msp.o
 .debug_macro   0x000000000001fd53      0x236 ./Core/Inc/stm32f4xx_hal_msp.o
 .debug_macro   0x000000000001ff89      0xd44 ./Core/Inc/stm32f4xx_hal_msp.o
 .debug_macro   0x0000000000020ccd      0x132 ./Core/Inc/stm32f4xx_hal_msp.o
 .debug_macro   0x0000000000020dff      0x41d ./Core/Inc/stm32f4xx_hal_msp.o
 .debug_macro   0x000000000002121c       0x2e ./Core/Inc/stm32f4xx_hal_msp.o
 .debug_macro   0x000000000002124a      0x11a ./Core/Inc/stm32f4xx_hal_msp.o
 .debug_macro   0x0000000000021364       0xe2 ./Core/Inc/stm32f4xx_hal_msp.o
 .debug_macro   0x0000000000021446       0x89 ./Core/Inc/stm32f4xx_hal_msp.o
 .debug_macro   0x00000000000214cf      0x295 ./Core/Inc/stm32f4xx_hal_msp.o
 .debug_macro   0x0000000000021764      0x248 ./Core/Inc/stm32f4xx_hal_msp.o
 .debug_macro   0x00000000000219ac       0xba ./Core/Inc/stm32f4xx_hal_msp.o
 .debug_macro   0x0000000000021a66      0x134 ./Core/Inc/stm32f4xx_hal_msp.o
 .debug_macro   0x0000000000021b9a      0x130 ./Core/Inc/stm32f4xx_hal_msp.o
 .debug_macro   0x0000000000021cca      0x3b2 ./Core/Src/main.o
 .debug_macro   0x000000000002207c       0x61 ./Core/Src/main.o
 .debug_macro   0x00000000000220dd       0x2a ./Core/Src/main.o
 .debug_macro   0x0000000000022107       0x43 ./Core/Src/main.o
 .debug_macro   0x000000000002214a       0x34 ./Core/Src/main.o
 .debug_macro   0x000000000002217e       0x16 ./Core/Src/main.o
 .debug_macro   0x0000000000022194       0x43 ./Core/Src/main.o
 .debug_macro   0x00000000000221d7       0x34 ./Core/Src/main.o
 .debug_macro   0x000000000002220b       0x10 ./Core/Src/main.o
 .debug_macro   0x000000000002221b       0x58 ./Core/Src/main.o
 .debug_macro   0x0000000000022273       0x8e ./Core/Src/main.o
 .debug_macro   0x0000000000022301       0x1c ./Core/Src/main.o
 .debug_macro   0x000000000002231d      0x177 ./Core/Src/main.o
 .debug_macro   0x0000000000022494      0x369 ./Core/Src/main.o
 .debug_macro   0x00000000000227fd       0x10 ./Core/Src/main.o
 .debug_macro   0x000000000002280d       0x35 ./Core/Src/main.o
 .debug_macro   0x0000000000022842       0x20 ./Core/Src/main.o
 .debug_macro   0x0000000000022862       0x1c ./Core/Src/main.o
 .debug_macro   0x000000000002287e       0x10 ./Core/Src/main.o
 .debug_macro   0x000000000002288e       0x1c ./Core/Src/main.o
 .debug_macro   0x00000000000228aa       0x16 ./Core/Src/main.o
 .debug_macro   0x00000000000228c0      0x147 ./Core/Src/main.o
 .debug_macro   0x0000000000022a07       0x16 ./Core/Src/main.o
 .debug_macro   0x0000000000022a1d       0x16 ./Core/Src/main.o
 .debug_macro   0x0000000000022a33       0x29 ./Core/Src/main.o
 .debug_macro   0x0000000000022a5c       0x6b ./Core/Src/main.o
 .debug_macro   0x0000000000022ac7      0x20f ./Core/Src/main.o
 .debug_macro   0x0000000000022cd6       0x5f ./Core/Src/main.o
 .debug_macro   0x0000000000022d35       0x22 ./Core/Src/main.o
 .debug_macro   0x0000000000022d57      0x19b ./Core/Src/main.o
 .debug_macro   0x0000000000022ef2      0x201 ./Core/Src/stm32f4xx_it.o
 .debug_macro   0x00000000000230f3      0x1e8 ./Core/Src/system_stm32f4xx.o
 .debug_macro   0x00000000000232db      0x248 ./Drivers/STM32F4xx_HAL_Driver/Src/stm32f4xx_hal.o
 .debug_macro   0x0000000000023523      0x1e8 ./Drivers/STM32F4xx_HAL_Driver/Src/stm32f4xx_hal_cortex.o
 .debug_macro   0x000000000002370b      0x1ee ./Drivers/STM32F4xx_HAL_Driver/Src/stm32f4xx_hal_gpio.o
 .debug_macro   0x00000000000238f9      0x1f4 ./Drivers/STM32F4xx_HAL_Driver/Src/stm32f4xx_hal_pcd.o
 .debug_macro   0x0000000000023aed      0x1e8 ./Drivers/STM32F4xx_HAL_Driver/Src/stm32f4xx_hal_pcd_ex.o
 .debug_macro   0x0000000000023cd5      0x20c ./Drivers/STM32F4xx_HAL_Driver/Src/stm32f4xx_hal_rcc.o
 .debug_macro   0x0000000000023ee1      0x1e9 ./Drivers/STM32F4xx_HAL_Driver/Src/stm32f4xx_hal_uart.o
 .debug_macro   0x00000000000240ca      0x1e8 ./Drivers/STM32F4xx_HAL_Driver/Src/stm32f4xx_ll_usb.o
 .debug_macro   0x00000000000242b2      0x386 ./Middlewares/ST/STM32_USB_Device_Library/Class/HID/Src/usbd_hid.o
 .debug_macro   0x0000000000024638       0x16 ./Middlewares/ST/STM32_USB_Device_Library/Class/HID/Src/usbd_hid.o
 .debug_macro   0x000000000002464e       0x97 ./Middlewares/ST/STM32_USB_Device_Library/Class/HID/Src/usbd_hid.o
 .debug_macro   0x00000000000246e5       0xfd ./Middlewares/ST/STM32_USB_Device_Library/Class/HID/Src/usbd_hid.o
 .debug_macro   0x00000000000247e2       0x16 ./Middlewares/ST/STM32_USB_Device_Library/Class/HID/Src/usbd_hid.o
 .debug_macro   0x00000000000247f8       0x16 ./Middlewares/ST/STM32_USB_Device_Library/Class/HID/Src/usbd_hid.o
 .debug_macro   0x000000000002480e       0x56 ./Middlewares/ST/STM32_USB_Device_Library/Class/HID/Src/usbd_hid.o